GAMS 24.7.4  r58773 Released Sep 19, 2016 DEX-DEG x86 64bit/MacOS X                                                                                                                                                                    01/14/17 13:31:55 Page 1
G e n e r a l   A l g e b r a i c   M o d e l i n g   S y s t e m
C o m p i l a t i o n


   2  option iterlim=999999999;// avoid limit on iterations
   3  option reslim=300; // timelimit for solver in
   4  option optcr=0.0; // gap tolerance
   5  option solprint=ON; // include solution print in
   6  option limrow=100; // limit number of rows in
   7  option limcol=100; // limit number of columns
   8  //-----------------------------------------------------------------
   9  SETS
  10          Material   'All Materials'     / MAS, KUS, KOS, KUV, KOV, HSEL, LSEL, PAP,MAT, KUT, KOT, MAK, KUK, KOK, FUEL/
  11          Products(Material)   'Products'  / MAS, KUS, KOS, KUV, KOV, HSEL, LSEL, PAP/
  12          Regions   'Regions'            /EU, IE, PA, KI/
  13          ProductionMaterials(Material) 'Materials used for other products' /MAT,KUT,KOT,MAK,KUK,KOK,HSEL,LSEL/
  14          Timber(ProductionMaterials)    'Types of timber' /MAT, KUT, KOT, MAK, KUK, KOK/
  15          SawMillProducts(Products) 'Products produced at the sawmill' /MAS, KUS, KOS/
  16          PlywoodMillProducts(Products) 'Products prodcued at plywoodmill' /KUV, KOV/
  17          FuelProducts(Products) 'Products producing fuel' /MAS, KUS, KOS, KUV, KOV/
  18          PulpMillProducts(Products) 'Products produced at pulpmill' /HSEL, LSEL/
  19          DemandParameters 'The demand parameters table 4' /Gamma, Delta/
  20          CostParameters 'The cost parameters table 1' /Alpha, Beta/
  21          ;
  22   
  23  ALIAS(Products,i);
  24  ALIAS(Regions,j);
  25  ALIAS(Timber,k);
  26  ALIAS(ProductionMaterials,ProM);
  27  ALIAS(SawMillProducts,sm);
  28  ALIAS(PlywoodMillProducts, pm);
  29  ALIAS(FuelProducts, fp);
  30  ALIAS(PulpMillProducts, pmp);
  31  ALIAS(DemandParameters, dp);
  32  ALIAS(CostParameters, cp);
  33   
  34  Table ProductReq(i,ProM) 'Amount of timber needed for each product'
  35          MAT  KUT  KOT  MAK  KUK  KOK HSEL LSEL
  36   
  37      MAS 2.0           -0.8
  38   
  39      KUS      2.0            -0.8
  40   
  41      KOS           2.0           -0.8
  42   
  43      KUV      2.8            -1.6
  44   
  45      KOV           2.8           -1.6
  46   
  47      HSEL               4.8
  48   
  49      LSEL                         4.8
  50   
  51      PAP                     1.0       0.2  0.2;
  52   
  53  Parameters
  54      c(i) 'cost of making product'
GAMS 24.7.4  r58773 Released Sep 19, 2016 DEX-DEG x86 64bit/MacOS X                                                                                                                                                                    01/14/17 13:31:55 Page 2
G e n e r a l   A l g e b r a i c   M o d e l i n g   S y s t e m
C o m p i l a t i o n


  55      /MAS 550,
  56       KUS 500,
  57       KOS 450,
  58       KUV 2500,
  59       KOV 2600,
  60       HSEL 820,
  61       LSEL 800,
  62       PAP 1700
  63       /;
  64   
  65  Table demand(i,j,dp) 'The demand parameters of the products for different markets'
  66              Gamma   Delta
  67      MAS.EU  1600    4.0
  68      MAS.IE  1300    10.0
  69      MAS.PA  1400    12.0
  70      MAS.KI  1500    15.0
  71      KUS.EU  1400    4.0
  72      KUS.IE  1200    10.0
  73      KUS.PA  1300    12.0
  74      KUS.KI  1400    15.0
  75      KOS.EU  1300    14.0
  76      KOS.IE  1400    20.0
  77      KOS.PA  1500    22.0
  78      KOS.KI  1600    25.0
  79      KUV.EU  4400    4.0
  80      KUV.IE  3800    10.0
  81      KUV.PA  3600    12.0
  82      KUV.KI  3500    15.0
  83      KOV.EU  4300    4.0
  84      KOV.IE  4100    10.0
  85      KOV.PA  3900    12.0
  86      KOV.KI  3800    15.0
  87      HSEL.EU 2300    2.0
  88      HSEL.IE 2500    4.0
  89      HSEL.PA 2300    5.0
  90      HSEL.KI 2600    6.0
  91      LSEL.EU 2500    3.0
  92      LSEL.IE 2800    2.0
  93      LSEL.PA 2300    5.0
  94      LSEL.KI 2500    7.0
  95      PAP.EU  4500    4.0
  96      PAP.IE  4700    10.0
  97      PAP.PA  4300    12.0
  98      PAP.KI  4800    15.0
  99      ;
 100  Table cost(k,cp)  'The timber assortment cost parameters'
 101              Alpha   Beta
 102      MAT     190     1.0
 103      KUT     150     0.5
 104      KOT     120     3.0
 105      MAK     180     0.2
 106      KUK     150     0.3
 107      KOK     150     0.2
GAMS 24.7.4  r58773 Released Sep 19, 2016 DEX-DEG x86 64bit/MacOS X                                                                                                                                                                    01/14/17 13:31:55 Page 3
G e n e r a l   A l g e b r a i c   M o d e l i n g   S y s t e m
C o m p i l a t i o n


 108      ;
 109  Scalar M 'big M used for sales constraint'/10000/;
 110   
 111  variable
 112      z 'max profit'
 113      ;
 114  positive variables
 115      x(i,j)  'Product i for region j'
 116      t(k)    'Timber assortment for timber k'
 117      s(k)    'Material surplus timber k'
 118      ;
 119  Binary variable
 120      y(i,j)  '10.000 product i allows for sales in region j'
 121      ;
 122   
 123  equations
 124          profit                  'objective function'
 125          sawMillCap              ''
 126          plywoodMillCap  ''
 127          line1Cap                ''
 128          line2Cap                ''
 129          paperMillCap    ''
 130          surPlus(k)              ''
 131          MASproduction   ''
 132          KUSKUVproduction        ''
 133          KOSKOVproduction        ''
 134          HSELproduction  ''
 135          LSELproduction  ''
 136          PAPproduction   ''
 137          salesConstraint(i) ''
 138          ;
 139   
 140                  profit ..                       z =e= sum((i,j), ((y(i,j)*demand(i,j,'Gamma')-demand(i,j,'Delta')*x(i,j)) - c(i)*x(i,j))) -
 141                                    sum(k, (cost(k,'Alpha')+cost(k,'Beta')*t(k))) +
 142                                    sum((fp,j), 0.2*x(fp,j)*40) +
 143                                    sum(k,s(k)*cost(k,'Alpha'))
 144                                    ;
 145   
 146                  sawMillCap..            sum((sm,j), x(sm,j)) =l= 200;
 147                  plywoodMillCap..        sum((pm,j), x(pm,j)) =l= 90;
 148                  line1Cap..                      sum(j, x('HSEL',j)) =l= 220;
 149                  line2Cap..                      sum(j, x('LSEL',j)) =l= 180;
 150                  paperMillCap..          sum(j, x('PAP',j)) =l= 80;
 151          surPlus(k)..        t(k) - sum((i,j), x(i,j)*ProductReq(i,k)) =e= s(k);
 152                  MASproduction..         sum(j, 2*x('MAS',j)) =e= t('MAT');
 153          KUSKUVproduction..      sum(j, 2*x('KUS',j) + 2.8*x('KUV',j)) =e= t('KUT');
 154          KOSKOVproduction..      sum(j, 2*x('KOS',j) + 2.8*x('KOV',j)) =e= t('KOT');
 155          HSELproduction..        sum(j, 4.8*x('HSEL',j) - 0.8*x('MAS',j)) =e= t('MAK');
 156          LSELproduction..        sum(j, 4.2*x('LSEL',j) - 0.8*x('KOS',j) - 1.6*x('KOV',j)) =e= t('KOK');
 157          PAPproduction..         sum(j, x('PAP',j) - 0.8*x('KUS',j) - 1.6*x('KUV',j)) =e=
 158                                                                                          t('KUK') + 0.2 * sum(j,x('HSEL',j) + x('LSEL',j));
 159          salesConstraint(i)..   sum(j, x(i,j)) - 10.000 =g= M * sum(j, y(i,j));
 160   
GAMS 24.7.4  r58773 Released Sep 19, 2016 DEX-DEG x86 64bit/MacOS X                                                                                                                                                                    01/14/17 13:31:55 Page 4
G e n e r a l   A l g e b r a i c   M o d e l i n g   S y s t e m
C o m p i l a t i o n


 161   
 162   
 163   
 164  model aStaticModel /all/ ;
 165   
 166  solve aStaticModel using mip maximizing z;
 167   
 168  Display x.L, t.L, s.L, y.L;


COMPILATION TIME     =        0.001 SECONDS      3 MB  24.7.4 r58773 DEX-DEG
GAMS 24.7.4  r58773 Released Sep 19, 2016 DEX-DEG x86 64bit/MacOS X                                                                                                                                                                    01/14/17 13:31:55 Page 5
G e n e r a l   A l g e b r a i c   M o d e l i n g   S y s t e m
Equation Listing    SOLVE aStaticModel Using MIP From line 166


---- profit  =E=  objective function

profit..  z + 546*x(MAS,EU) + 552*x(MAS,IE) + 554*x(MAS,PA) + 557*x(MAS,KI) + 496*x(KUS,EU) + 502*x(KUS,IE) + 504*x(KUS,PA) + 507*x(KUS,KI) + 456*x(KOS,EU) + 462*x(KOS,IE) + 464*x(KOS,PA) + 467*x(KOS,KI) + 2496*x(KUV,EU) + 2502*x(KUV,IE) + 2504*x(KUV,PA)
     
      + 2507*x(KUV,KI) + 2596*x(KOV,EU) + 2602*x(KOV,IE) + 2604*x(KOV,PA) + 2607*x(KOV,KI) + 822*x(HSEL,EU) + 824*x(HSEL,IE) + 825*x(HSEL,PA) + 826*x(HSEL,KI) + 803*x(LSEL,EU) + 802*x(LSEL,IE) + 805*x(LSEL,PA) + 807*x(LSEL,KI) + 1704*x(PAP,EU)
     
      + 1710*x(PAP,IE) + 1712*x(PAP,PA) + 1715*x(PAP,KI) + t(MAT) + 0.5*t(KUT) + 3*t(KOT) + 0.2*t(MAK) + 0.3*t(KUK) + 0.2*t(KOK) - 190*s(MAT) - 150*s(KUT) - 120*s(KOT) - 180*s(MAK) - 150*s(KUK) - 150*s(KOK) - 1600*y(MAS,EU) - 1300*y(MAS,IE)
     
      - 1400*y(MAS,PA) - 1500*y(MAS,KI) - 1400*y(KUS,EU) - 1200*y(KUS,IE) - 1300*y(KUS,PA) - 1400*y(KUS,KI) - 1300*y(KOS,EU) - 1400*y(KOS,IE) - 1500*y(KOS,PA) - 1600*y(KOS,KI) - 4400*y(KUV,EU) - 3800*y(KUV,IE) - 3600*y(KUV,PA) - 3500*y(KUV,KI)
     
      - 4300*y(KOV,EU) - 4100*y(KOV,IE) - 3900*y(KOV,PA) - 3800*y(KOV,KI) - 2300*y(HSEL,EU) - 2500*y(HSEL,IE) - 2300*y(HSEL,PA) - 2600*y(HSEL,KI) - 2500*y(LSEL,EU) - 2800*y(LSEL,IE) - 2300*y(LSEL,PA) - 2500*y(LSEL,KI) - 4500*y(PAP,EU) - 4700*y(PAP,IE)
     
      - 4300*y(PAP,PA) - 4800*y(PAP,KI) =E= -940 ; (LHS = 0, INFES = 940 ****)
     

---- sawMillCap  =L=  

sawMillCap..  x(MAS,EU) + x(MAS,IE) + x(MAS,PA) + x(MAS,KI) + x(KUS,EU) + x(KUS,IE) + x(KUS,PA) + x(KUS,KI) + x(KOS,EU) + x(KOS,IE) + x(KOS,PA) + x(KOS,KI) =L= 200 ; (LHS = 0)
     

---- plywoodMillCap  =L=  

plywoodMillCap..  x(KUV,EU) + x(KUV,IE) + x(KUV,PA) + x(KUV,KI) + x(KOV,EU) + x(KOV,IE) + x(KOV,PA) + x(KOV,KI) =L= 90 ; (LHS = 0)
     

---- line1Cap  =L=  

line1Cap..  x(HSEL,EU) + x(HSEL,IE) + x(HSEL,PA) + x(HSEL,KI) =L= 220 ; (LHS = 0)
     

---- line2Cap  =L=  

line2Cap..  x(LSEL,EU) + x(LSEL,IE) + x(LSEL,PA) + x(LSEL,KI) =L= 180 ; (LHS = 0)
     

---- paperMillCap  =L=  

paperMillCap..  x(PAP,EU) + x(PAP,IE) + x(PAP,PA) + x(PAP,KI) =L= 80 ; (LHS = 0)
     

---- surPlus  =E=  

surPlus(MAT)..  - 2*x(MAS,EU) - 2*x(MAS,IE) - 2*x(MAS,PA) - 2*x(MAS,KI) + t(MAT) - s(MAT) =E= 0 ; (LHS = 0)
     
surPlus(KUT)..  - 2*x(KUS,EU) - 2*x(KUS,IE) - 2*x(KUS,PA) - 2*x(KUS,KI) - 2.8*x(KUV,EU) - 2.8*x(KUV,IE) - 2.8*x(KUV,PA) - 2.8*x(KUV,KI) + t(KUT) - s(KUT) =E= 0 ; (LHS = 0)
     
surPlus(KOT)..  - 2*x(KOS,EU) - 2*x(KOS,IE) - 2*x(KOS,PA) - 2*x(KOS,KI) - 2.8*x(KOV,EU) - 2.8*x(KOV,IE) - 2.8*x(KOV,PA) - 2.8*x(KOV,KI) + t(KOT) - s(KOT) =E= 0 ; (LHS = 0)
     
surPlus(MAK)..  0.8*x(MAS,EU) + 0.8*x(MAS,IE) + 0.8*x(MAS,PA) + 0.8*x(MAS,KI) - 4.8*x(HSEL,EU) - 4.8*x(HSEL,IE) - 4.8*x(HSEL,PA) - 4.8*x(HSEL,KI) + t(MAK) - s(MAK) =E= 0 ; (LHS = 0)
     
GAMS 24.7.4  r58773 Released Sep 19, 2016 DEX-DEG x86 64bit/MacOS X                                                                                                                                                                    01/14/17 13:31:55 Page 6
G e n e r a l   A l g e b r a i c   M o d e l i n g   S y s t e m
Equation Listing    SOLVE aStaticModel Using MIP From line 166


     surPlus  =E=  

surPlus(KUK)..  0.8*x(KUS,EU) + 0.8*x(KUS,IE) + 0.8*x(KUS,PA) + 0.8*x(KUS,KI) + 1.6*x(KUV,EU) + 1.6*x(KUV,IE) + 1.6*x(KUV,PA) + 1.6*x(KUV,KI) - x(PAP,EU) - x(PAP,IE) - x(PAP,PA) - x(PAP,KI) + t(KUK) - s(KUK) =E= 0 ; (LHS = 0)
     
surPlus(KOK)..  0.8*x(KOS,EU) + 0.8*x(KOS,IE) + 0.8*x(KOS,PA) + 0.8*x(KOS,KI) + 1.6*x(KOV,EU) + 1.6*x(KOV,IE) + 1.6*x(KOV,PA) + 1.6*x(KOV,KI) - 4.8*x(LSEL,EU) - 4.8*x(LSEL,IE) - 4.8*x(LSEL,PA) - 4.8*x(LSEL,KI) + t(KOK) - s(KOK) =E= 0 ; (LHS = 0)
     

---- MASproduction  =E=  

MASproduction..  2*x(MAS,EU) + 2*x(MAS,IE) + 2*x(MAS,PA) + 2*x(MAS,KI) - t(MAT) =E= 0 ; (LHS = 0)
     

---- KUSKUVproduction  =E=  

KUSKUVproduction..  2*x(KUS,EU) + 2*x(KUS,IE) + 2*x(KUS,PA) + 2*x(KUS,KI) + 2.8*x(KUV,EU) + 2.8*x(KUV,IE) + 2.8*x(KUV,PA) + 2.8*x(KUV,KI) - t(KUT) =E= 0 ; (LHS = 0)
     

---- KOSKOVproduction  =E=  

KOSKOVproduction..  2*x(KOS,EU) + 2*x(KOS,IE) + 2*x(KOS,PA) + 2*x(KOS,KI) + 2.8*x(KOV,EU) + 2.8*x(KOV,IE) + 2.8*x(KOV,PA) + 2.8*x(KOV,KI) - t(KOT) =E= 0 ; (LHS = 0)
     

---- HSELproduction  =E=  

HSELproduction..  - 0.8*x(MAS,EU) - 0.8*x(MAS,IE) - 0.8*x(MAS,PA) - 0.8*x(MAS,KI) + 4.8*x(HSEL,EU) + 4.8*x(HSEL,IE) + 4.8*x(HSEL,PA) + 4.8*x(HSEL,KI) - t(MAK) =E= 0 ; (LHS = 0)
     

---- LSELproduction  =E=  

LSELproduction..  - 0.8*x(KOS,EU) - 0.8*x(KOS,IE) - 0.8*x(KOS,PA) - 0.8*x(KOS,KI) - 1.6*x(KOV,EU) - 1.6*x(KOV,IE) - 1.6*x(KOV,PA) - 1.6*x(KOV,KI) + 4.2*x(LSEL,EU) + 4.2*x(LSEL,IE) + 4.2*x(LSEL,PA) + 4.2*x(LSEL,KI) - t(KOK) =E= 0 ; (LHS = 0)
     

---- PAPproduction  =E=  

PAPproduction..  - 0.8*x(KUS,EU) - 0.8*x(KUS,IE) - 0.8*x(KUS,PA) - 0.8*x(KUS,KI) - 1.6*x(KUV,EU) - 1.6*x(KUV,IE) - 1.6*x(KUV,PA) - 1.6*x(KUV,KI) - 0.2*x(HSEL,EU) - 0.2*x(HSEL,IE) - 0.2*x(HSEL,PA) - 0.2*x(HSEL,KI) - 0.2*x(LSEL,EU) - 0.2*x(LSEL,IE)
     
      - 0.2*x(LSEL,PA) - 0.2*x(LSEL,KI) + x(PAP,EU) + x(PAP,IE) + x(PAP,PA) + x(PAP,KI) - t(KUK) =E= 0 ; (LHS = 0)
     

---- salesConstraint  =G=  

salesConstraint(MAS)..  x(MAS,EU) + x(MAS,IE) + x(MAS,PA) + x(MAS,KI) - 10000*y(MAS,EU) - 10000*y(MAS,IE) - 10000*y(MAS,PA) - 10000*y(MAS,KI) =G= 10 ; (LHS = 0, INFES = 10 ****)
     
salesConstraint(KUS)..  x(KUS,EU) + x(KUS,IE) + x(KUS,PA) + x(KUS,KI) - 10000*y(KUS,EU) - 10000*y(KUS,IE) - 10000*y(KUS,PA) - 10000*y(KUS,KI) =G= 10 ; (LHS = 0, INFES = 10 ****)
     
salesConstraint(KOS)..  x(KOS,EU) + x(KOS,IE) + x(KOS,PA) + x(KOS,KI) - 10000*y(KOS,EU) - 10000*y(KOS,IE) - 10000*y(KOS,PA) - 10000*y(KOS,KI) =G= 10 ; (LHS = 0, INFES = 10 ****)
     
salesConstraint(KUV)..  x(KUV,EU) + x(KUV,IE) + x(KUV,PA) + x(KUV,KI) - 10000*y(KUV,EU) - 10000*y(KUV,IE) - 10000*y(KUV,PA) - 10000*y(KUV,KI) =G= 10 ; (LHS = 0, INFES = 10 ****)
     
salesConstraint(KOV)..  x(KOV,EU) + x(KOV,IE) + x(KOV,PA) + x(KOV,KI) - 10000*y(KOV,EU) - 10000*y(KOV,IE) - 10000*y(KOV,PA) - 10000*y(KOV,KI) =G= 10 ; (LHS = 0, INFES = 10 ****)
     
GAMS 24.7.4  r58773 Released Sep 19, 2016 DEX-DEG x86 64bit/MacOS X                                                                                                                                                                    01/14/17 13:31:55 Page 7
G e n e r a l   A l g e b r a i c   M o d e l i n g   S y s t e m
Equation Listing    SOLVE aStaticModel Using MIP From line 166


     salesConstraint  =G=  

salesConstraint(HSEL)..  x(HSEL,EU) + x(HSEL,IE) + x(HSEL,PA) + x(HSEL,KI) - 10000*y(HSEL,EU) - 10000*y(HSEL,IE) - 10000*y(HSEL,PA) - 10000*y(HSEL,KI) =G= 10 ; (LHS = 0, INFES = 10 ****)
     
salesConstraint(LSEL)..  x(LSEL,EU) + x(LSEL,IE) + x(LSEL,PA) + x(LSEL,KI) - 10000*y(LSEL,EU) - 10000*y(LSEL,IE) - 10000*y(LSEL,PA) - 10000*y(LSEL,KI) =G= 10 ; (LHS = 0, INFES = 10 ****)
     
salesConstraint(PAP)..  x(PAP,EU) + x(PAP,IE) + x(PAP,PA) + x(PAP,KI) - 10000*y(PAP,EU) - 10000*y(PAP,IE) - 10000*y(PAP,PA) - 10000*y(PAP,KI) =G= 10 ; (LHS = 0, INFES = 10 ****)
     
GAMS 24.7.4  r58773 Released Sep 19, 2016 DEX-DEG x86 64bit/MacOS X                                                                                                                                                                    01/14/17 13:31:55 Page 8
G e n e r a l   A l g e b r a i c   M o d e l i n g   S y s t e m
Column Listing      SOLVE aStaticModel Using MIP From line 166


---- z  max profit

z
                (.LO, .L, .UP, .M = -INF, 0, +INF, 0)
        1       profit


---- x  Product i for region j

x(MAS,EU)
                (.LO, .L, .UP, .M = 0, 0, +INF, 0)
      546       profit
        1       sawMillCap
       -2       surPlus(MAT)
        0.8     surPlus(MAK)
        2       MASproduction
       -0.8     HSELproduction
        1       salesConstraint(MAS)

x(MAS,IE)
                (.LO, .L, .UP, .M = 0, 0, +INF, 0)
      552       profit
        1       sawMillCap
       -2       surPlus(MAT)
        0.8     surPlus(MAK)
        2       MASproduction
       -0.8     HSELproduction
        1       salesConstraint(MAS)

x(MAS,PA)
                (.LO, .L, .UP, .M = 0, 0, +INF, 0)
      554       profit
        1       sawMillCap
       -2       surPlus(MAT)
        0.8     surPlus(MAK)
        2       MASproduction
       -0.8     HSELproduction
        1       salesConstraint(MAS)

x(MAS,KI)
                (.LO, .L, .UP, .M = 0, 0, +INF, 0)
      557       profit
        1       sawMillCap
       -2       surPlus(MAT)
        0.8     surPlus(MAK)
        2       MASproduction
       -0.8     HSELproduction
        1       salesConstraint(MAS)

x(KUS,EU)
                (.LO, .L, .UP, .M = 0, 0, +INF, 0)
      496       profit
        1       sawMillCap
GAMS 24.7.4  r58773 Released Sep 19, 2016 DEX-DEG x86 64bit/MacOS X                                                                                                                                                                    01/14/17 13:31:55 Page 9
G e n e r a l   A l g e b r a i c   M o d e l i n g   S y s t e m
Column Listing      SOLVE aStaticModel Using MIP From line 166


     x  Product i for region j

       -2       surPlus(KUT)
        0.8     surPlus(KUK)
        2       KUSKUVproduction
       -0.8     PAPproduction
        1       salesConstraint(KUS)

x(KUS,IE)
                (.LO, .L, .UP, .M = 0, 0, +INF, 0)
      502       profit
        1       sawMillCap
       -2       surPlus(KUT)
        0.8     surPlus(KUK)
        2       KUSKUVproduction
       -0.8     PAPproduction
        1       salesConstraint(KUS)

x(KUS,PA)
                (.LO, .L, .UP, .M = 0, 0, +INF, 0)
      504       profit
        1       sawMillCap
       -2       surPlus(KUT)
        0.8     surPlus(KUK)
        2       KUSKUVproduction
       -0.8     PAPproduction
        1       salesConstraint(KUS)

x(KUS,KI)
                (.LO, .L, .UP, .M = 0, 0, +INF, 0)
      507       profit
        1       sawMillCap
       -2       surPlus(KUT)
        0.8     surPlus(KUK)
        2       KUSKUVproduction
       -0.8     PAPproduction
        1       salesConstraint(KUS)

x(KOS,EU)
                (.LO, .L, .UP, .M = 0, 0, +INF, 0)
      456       profit
        1       sawMillCap
       -2       surPlus(KOT)
        0.8     surPlus(KOK)
        2       KOSKOVproduction
       -0.8     LSELproduction
        1       salesConstraint(KOS)

x(KOS,IE)
                (.LO, .L, .UP, .M = 0, 0, +INF, 0)
      462       profit
        1       sawMillCap
       -2       surPlus(KOT)
GAMS 24.7.4  r58773 Released Sep 19, 2016 DEX-DEG x86 64bit/MacOS X                                                                                                                                                                   01/14/17 13:31:55 Page 10
G e n e r a l   A l g e b r a i c   M o d e l i n g   S y s t e m
Column Listing      SOLVE aStaticModel Using MIP From line 166


     x  Product i for region j

        0.8     surPlus(KOK)
        2       KOSKOVproduction
       -0.8     LSELproduction
        1       salesConstraint(KOS)

x(KOS,PA)
                (.LO, .L, .UP, .M = 0, 0, +INF, 0)
      464       profit
        1       sawMillCap
       -2       surPlus(KOT)
        0.8     surPlus(KOK)
        2       KOSKOVproduction
       -0.8     LSELproduction
        1       salesConstraint(KOS)

x(KOS,KI)
                (.LO, .L, .UP, .M = 0, 0, +INF, 0)
      467       profit
        1       sawMillCap
       -2       surPlus(KOT)
        0.8     surPlus(KOK)
        2       KOSKOVproduction
       -0.8     LSELproduction
        1       salesConstraint(KOS)

x(KUV,EU)
                (.LO, .L, .UP, .M = 0, 0, +INF, 0)
     2496       profit
        1       plywoodMillCap
       -2.8     surPlus(KUT)
        1.6     surPlus(KUK)
        2.8     KUSKUVproduction
       -1.6     PAPproduction
        1       salesConstraint(KUV)

x(KUV,IE)
                (.LO, .L, .UP, .M = 0, 0, +INF, 0)
     2502       profit
        1       plywoodMillCap
       -2.8     surPlus(KUT)
        1.6     surPlus(KUK)
        2.8     KUSKUVproduction
       -1.6     PAPproduction
        1       salesConstraint(KUV)

x(KUV,PA)
                (.LO, .L, .UP, .M = 0, 0, +INF, 0)
     2504       profit
        1       plywoodMillCap
       -2.8     surPlus(KUT)
        1.6     surPlus(KUK)
GAMS 24.7.4  r58773 Released Sep 19, 2016 DEX-DEG x86 64bit/MacOS X                                                                                                                                                                   01/14/17 13:31:55 Page 11
G e n e r a l   A l g e b r a i c   M o d e l i n g   S y s t e m
Column Listing      SOLVE aStaticModel Using MIP From line 166


     x  Product i for region j

        2.8     KUSKUVproduction
       -1.6     PAPproduction
        1       salesConstraint(KUV)

x(KUV,KI)
                (.LO, .L, .UP, .M = 0, 0, +INF, 0)
     2507       profit
        1       plywoodMillCap
       -2.8     surPlus(KUT)
        1.6     surPlus(KUK)
        2.8     KUSKUVproduction
       -1.6     PAPproduction
        1       salesConstraint(KUV)

x(KOV,EU)
                (.LO, .L, .UP, .M = 0, 0, +INF, 0)
     2596       profit
        1       plywoodMillCap
       -2.8     surPlus(KOT)
        1.6     surPlus(KOK)
        2.8     KOSKOVproduction
       -1.6     LSELproduction
        1       salesConstraint(KOV)

x(KOV,IE)
                (.LO, .L, .UP, .M = 0, 0, +INF, 0)
     2602       profit
        1       plywoodMillCap
       -2.8     surPlus(KOT)
        1.6     surPlus(KOK)
        2.8     KOSKOVproduction
       -1.6     LSELproduction
        1       salesConstraint(KOV)

x(KOV,PA)
                (.LO, .L, .UP, .M = 0, 0, +INF, 0)
     2604       profit
        1       plywoodMillCap
       -2.8     surPlus(KOT)
        1.6     surPlus(KOK)
        2.8     KOSKOVproduction
       -1.6     LSELproduction
        1       salesConstraint(KOV)

x(KOV,KI)
                (.LO, .L, .UP, .M = 0, 0, +INF, 0)
     2607       profit
        1       plywoodMillCap
       -2.8     surPlus(KOT)
        1.6     surPlus(KOK)
        2.8     KOSKOVproduction
GAMS 24.7.4  r58773 Released Sep 19, 2016 DEX-DEG x86 64bit/MacOS X                                                                                                                                                                   01/14/17 13:31:55 Page 12
G e n e r a l   A l g e b r a i c   M o d e l i n g   S y s t e m
Column Listing      SOLVE aStaticModel Using MIP From line 166


     x  Product i for region j

       -1.6     LSELproduction
        1       salesConstraint(KOV)

x(HSEL,EU)
                (.LO, .L, .UP, .M = 0, 0, +INF, 0)
      822       profit
        1       line1Cap
       -4.8     surPlus(MAK)
        4.8     HSELproduction
       -0.2     PAPproduction
        1       salesConstraint(HSEL)

x(HSEL,IE)
                (.LO, .L, .UP, .M = 0, 0, +INF, 0)
      824       profit
        1       line1Cap
       -4.8     surPlus(MAK)
        4.8     HSELproduction
       -0.2     PAPproduction
        1       salesConstraint(HSEL)

x(HSEL,PA)
                (.LO, .L, .UP, .M = 0, 0, +INF, 0)
      825       profit
        1       line1Cap
       -4.8     surPlus(MAK)
        4.8     HSELproduction
       -0.2     PAPproduction
        1       salesConstraint(HSEL)

x(HSEL,KI)
                (.LO, .L, .UP, .M = 0, 0, +INF, 0)
      826       profit
        1       line1Cap
       -4.8     surPlus(MAK)
        4.8     HSELproduction
       -0.2     PAPproduction
        1       salesConstraint(HSEL)

x(LSEL,EU)
                (.LO, .L, .UP, .M = 0, 0, +INF, 0)
      803       profit
        1       line2Cap
       -4.8     surPlus(KOK)
        4.2     LSELproduction
       -0.2     PAPproduction
        1       salesConstraint(LSEL)

x(LSEL,IE)
                (.LO, .L, .UP, .M = 0, 0, +INF, 0)
      802       profit
GAMS 24.7.4  r58773 Released Sep 19, 2016 DEX-DEG x86 64bit/MacOS X                                                                                                                                                                   01/14/17 13:31:55 Page 13
G e n e r a l   A l g e b r a i c   M o d e l i n g   S y s t e m
Column Listing      SOLVE aStaticModel Using MIP From line 166


     x  Product i for region j

        1       line2Cap
       -4.8     surPlus(KOK)
        4.2     LSELproduction
       -0.2     PAPproduction
        1       salesConstraint(LSEL)

x(LSEL,PA)
                (.LO, .L, .UP, .M = 0, 0, +INF, 0)
      805       profit
        1       line2Cap
       -4.8     surPlus(KOK)
        4.2     LSELproduction
       -0.2     PAPproduction
        1       salesConstraint(LSEL)

x(LSEL,KI)
                (.LO, .L, .UP, .M = 0, 0, +INF, 0)
      807       profit
        1       line2Cap
       -4.8     surPlus(KOK)
        4.2     LSELproduction
       -0.2     PAPproduction
        1       salesConstraint(LSEL)

x(PAP,EU)
                (.LO, .L, .UP, .M = 0, 0, +INF, 0)
     1704       profit
        1       paperMillCap
       -1       surPlus(KUK)
        1       PAPproduction
        1       salesConstraint(PAP)

x(PAP,IE)
                (.LO, .L, .UP, .M = 0, 0, +INF, 0)
     1710       profit
        1       paperMillCap
       -1       surPlus(KUK)
        1       PAPproduction
        1       salesConstraint(PAP)

x(PAP,PA)
                (.LO, .L, .UP, .M = 0, 0, +INF, 0)
     1712       profit
        1       paperMillCap
       -1       surPlus(KUK)
        1       PAPproduction
        1       salesConstraint(PAP)

x(PAP,KI)
                (.LO, .L, .UP, .M = 0, 0, +INF, 0)
     1715       profit
GAMS 24.7.4  r58773 Released Sep 19, 2016 DEX-DEG x86 64bit/MacOS X                                                                                                                                                                   01/14/17 13:31:55 Page 14
G e n e r a l   A l g e b r a i c   M o d e l i n g   S y s t e m
Column Listing      SOLVE aStaticModel Using MIP From line 166


     x  Product i for region j

        1       paperMillCap
       -1       surPlus(KUK)
        1       PAPproduction
        1       salesConstraint(PAP)


---- t  Timber assortment for timber k

t(MAT)
                (.LO, .L, .UP, .M = 0, 0, +INF, 0)
        1       profit
        1       surPlus(MAT)
       -1       MASproduction

t(KUT)
                (.LO, .L, .UP, .M = 0, 0, +INF, 0)
        0.5     profit
        1       surPlus(KUT)
       -1       KUSKUVproduction

t(KOT)
                (.LO, .L, .UP, .M = 0, 0, +INF, 0)
        3       profit
        1       surPlus(KOT)
       -1       KOSKOVproduction

t(MAK)
                (.LO, .L, .UP, .M = 0, 0, +INF, 0)
        0.2     profit
        1       surPlus(MAK)
       -1       HSELproduction

t(KUK)
                (.LO, .L, .UP, .M = 0, 0, +INF, 0)
        0.3     profit
        1       surPlus(KUK)
       -1       PAPproduction

t(KOK)
                (.LO, .L, .UP, .M = 0, 0, +INF, 0)
        0.2     profit
        1       surPlus(KOK)
       -1       LSELproduction


---- s  Material surplus timber k

s(MAT)
                (.LO, .L, .UP, .M = 0, 0, +INF, 0)
     -190       profit
       -1       surPlus(MAT)
GAMS 24.7.4  r58773 Released Sep 19, 2016 DEX-DEG x86 64bit/MacOS X                                                                                                                                                                   01/14/17 13:31:55 Page 15
G e n e r a l   A l g e b r a i c   M o d e l i n g   S y s t e m
Column Listing      SOLVE aStaticModel Using MIP From line 166


     s  Material surplus timber k


s(KUT)
                (.LO, .L, .UP, .M = 0, 0, +INF, 0)
     -150       profit
       -1       surPlus(KUT)

s(KOT)
                (.LO, .L, .UP, .M = 0, 0, +INF, 0)
     -120       profit
       -1       surPlus(KOT)

s(MAK)
                (.LO, .L, .UP, .M = 0, 0, +INF, 0)
     -180       profit
       -1       surPlus(MAK)

s(KUK)
                (.LO, .L, .UP, .M = 0, 0, +INF, 0)
     -150       profit
       -1       surPlus(KUK)

s(KOK)
                (.LO, .L, .UP, .M = 0, 0, +INF, 0)
     -150       profit
       -1       surPlus(KOK)


---- y  10.000 product i allows for sales in region j

y(MAS,EU)
                (.LO, .L, .UP, .M = 0, 0, 1, 0)
    -1600       profit
   -10000       salesConstraint(MAS)

y(MAS,IE)
                (.LO, .L, .UP, .M = 0, 0, 1, 0)
    -1300       profit
   -10000       salesConstraint(MAS)

y(MAS,PA)
                (.LO, .L, .UP, .M = 0, 0, 1, 0)
    -1400       profit
   -10000       salesConstraint(MAS)

y(MAS,KI)
                (.LO, .L, .UP, .M = 0, 0, 1, 0)
    -1500       profit
   -10000       salesConstraint(MAS)

y(KUS,EU)
                (.LO, .L, .UP, .M = 0, 0, 1, 0)
GAMS 24.7.4  r58773 Released Sep 19, 2016 DEX-DEG x86 64bit/MacOS X                                                                                                                                                                   01/14/17 13:31:55 Page 16
G e n e r a l   A l g e b r a i c   M o d e l i n g   S y s t e m
Column Listing      SOLVE aStaticModel Using MIP From line 166


     y  10.000 product i allows for sales in region j

    -1400       profit
   -10000       salesConstraint(KUS)

y(KUS,IE)
                (.LO, .L, .UP, .M = 0, 0, 1, 0)
    -1200       profit
   -10000       salesConstraint(KUS)

y(KUS,PA)
                (.LO, .L, .UP, .M = 0, 0, 1, 0)
    -1300       profit
   -10000       salesConstraint(KUS)

y(KUS,KI)
                (.LO, .L, .UP, .M = 0, 0, 1, 0)
    -1400       profit
   -10000       salesConstraint(KUS)

y(KOS,EU)
                (.LO, .L, .UP, .M = 0, 0, 1, 0)
    -1300       profit
   -10000       salesConstraint(KOS)

y(KOS,IE)
                (.LO, .L, .UP, .M = 0, 0, 1, 0)
    -1400       profit
   -10000       salesConstraint(KOS)

y(KOS,PA)
                (.LO, .L, .UP, .M = 0, 0, 1, 0)
    -1500       profit
   -10000       salesConstraint(KOS)

y(KOS,KI)
                (.LO, .L, .UP, .M = 0, 0, 1, 0)
    -1600       profit
   -10000       salesConstraint(KOS)

y(KUV,EU)
                (.LO, .L, .UP, .M = 0, 0, 1, 0)
    -4400       profit
   -10000       salesConstraint(KUV)

y(KUV,IE)
                (.LO, .L, .UP, .M = 0, 0, 1, 0)
    -3800       profit
   -10000       salesConstraint(KUV)

y(KUV,PA)
                (.LO, .L, .UP, .M = 0, 0, 1, 0)
    -3600       profit
GAMS 24.7.4  r58773 Released Sep 19, 2016 DEX-DEG x86 64bit/MacOS X                                                                                                                                                                   01/14/17 13:31:55 Page 17
G e n e r a l   A l g e b r a i c   M o d e l i n g   S y s t e m
Column Listing      SOLVE aStaticModel Using MIP From line 166


     y  10.000 product i allows for sales in region j

   -10000       salesConstraint(KUV)

y(KUV,KI)
                (.LO, .L, .UP, .M = 0, 0, 1, 0)
    -3500       profit
   -10000       salesConstraint(KUV)

y(KOV,EU)
                (.LO, .L, .UP, .M = 0, 0, 1, 0)
    -4300       profit
   -10000       salesConstraint(KOV)

y(KOV,IE)
                (.LO, .L, .UP, .M = 0, 0, 1, 0)
    -4100       profit
   -10000       salesConstraint(KOV)

y(KOV,PA)
                (.LO, .L, .UP, .M = 0, 0, 1, 0)
    -3900       profit
   -10000       salesConstraint(KOV)

y(KOV,KI)
                (.LO, .L, .UP, .M = 0, 0, 1, 0)
    -3800       profit
   -10000       salesConstraint(KOV)

y(HSEL,EU)
                (.LO, .L, .UP, .M = 0, 0, 1, 0)
    -2300       profit
   -10000       salesConstraint(HSEL)

y(HSEL,IE)
                (.LO, .L, .UP, .M = 0, 0, 1, 0)
    -2500       profit
   -10000       salesConstraint(HSEL)

y(HSEL,PA)
                (.LO, .L, .UP, .M = 0, 0, 1, 0)
    -2300       profit
   -10000       salesConstraint(HSEL)

y(HSEL,KI)
                (.LO, .L, .UP, .M = 0, 0, 1, 0)
    -2600       profit
   -10000       salesConstraint(HSEL)

y(LSEL,EU)
                (.LO, .L, .UP, .M = 0, 0, 1, 0)
    -2500       profit
   -10000       salesConstraint(LSEL)
GAMS 24.7.4  r58773 Released Sep 19, 2016 DEX-DEG x86 64bit/MacOS X                                                                                                                                                                   01/14/17 13:31:55 Page 18
G e n e r a l   A l g e b r a i c   M o d e l i n g   S y s t e m
Column Listing      SOLVE aStaticModel Using MIP From line 166


     y  10.000 product i allows for sales in region j


y(LSEL,IE)
                (.LO, .L, .UP, .M = 0, 0, 1, 0)
    -2800       profit
   -10000       salesConstraint(LSEL)

y(LSEL,PA)
                (.LO, .L, .UP, .M = 0, 0, 1, 0)
    -2300       profit
   -10000       salesConstraint(LSEL)

y(LSEL,KI)
                (.LO, .L, .UP, .M = 0, 0, 1, 0)
    -2500       profit
   -10000       salesConstraint(LSEL)

y(PAP,EU)
                (.LO, .L, .UP, .M = 0, 0, 1, 0)
    -4500       profit
   -10000       salesConstraint(PAP)

y(PAP,IE)
                (.LO, .L, .UP, .M = 0, 0, 1, 0)
    -4700       profit
   -10000       salesConstraint(PAP)

y(PAP,PA)
                (.LO, .L, .UP, .M = 0, 0, 1, 0)
    -4300       profit
   -10000       salesConstraint(PAP)

y(PAP,KI)
                (.LO, .L, .UP, .M = 0, 0, 1, 0)
    -4800       profit
   -10000       salesConstraint(PAP)

GAMS 24.7.4  r58773 Released Sep 19, 2016 DEX-DEG x86 64bit/MacOS X                                                                                                                                                                   01/14/17 13:31:55 Page 19
G e n e r a l   A l g e b r a i c   M o d e l i n g   S y s t e m
Model Statistics    SOLVE aStaticModel Using MIP From line 166


MODEL STATISTICS

BLOCKS OF EQUATIONS          14     SINGLE EQUATIONS           26
BLOCKS OF VARIABLES           5     SINGLE VARIABLES           77
NON ZERO ELEMENTS           303     DISCRETE VARIABLES         32


GENERATION TIME      =        0.006 SECONDS      4 MB  24.7.4 r58773 DEX-DEG


EXECUTION TIME       =        0.006 SECONDS      4 MB  24.7.4 r58773 DEX-DEG
GAMS 24.7.4  r58773 Released Sep 19, 2016 DEX-DEG x86 64bit/MacOS X                                                                                                                                                                   01/14/17 13:31:55 Page 20
G e n e r a l   A l g e b r a i c   M o d e l i n g   S y s t e m
Solution Report     SOLVE aStaticModel Using MIP From line 166


               S O L V E      S U M M A R Y

     MODEL   aStaticModel        OBJECTIVE  z
     TYPE    MIP                 DIRECTION  MAXIMIZE
     SOLVER  CPLEX               FROM LINE  166

**** SOLVER STATUS     1 Normal Completion         
**** MODEL STATUS      10 Integer Infeasible       
**** OBJECTIVE VALUE               NA

 RESOURCE USAGE, LIMIT          0.009       300.000
 ITERATION COUNT, LIMIT         0     999999999

IBM ILOG CPLEX   24.7.4 r58773 Released Sep 19, 2016 DEG x86 64bit/MacOS X    
Cplex 12.6.3.0

Space for names approximately 0.00 Mb
Use option 'names no' to turn use of names off
MIP status(103): integer infeasible
Cplex Time: 0.00sec (det. 0.06 ticks)
Problem is integer infeasible.

No solution returned
GAMS 24.7.4  r58773 Released Sep 19, 2016 DEX-DEG x86 64bit/MacOS X                                                                                                                                                                   01/14/17 13:31:55 Page 21
G e n e r a l   A l g e b r a i c   M o d e l i n g   S y s t e m
E x e c u t i o n


----    168 VARIABLE x.L  Product i for region j

                      ( ALL       0.000 )


----    168 VARIABLE t.L  Timber assortment for timber k

                      ( ALL       0.000 )


----    168 VARIABLE s.L  Material surplus timber k

                      ( ALL       0.000 )


----    168 VARIABLE y.L  10.000 product i allows for sales in region j

                      ( ALL       0.000 )



EXECUTION TIME       =        0.001 SECONDS      3 MB  24.7.4 r58773 DEX-DEG


USER: Course License Fall 2016                       A160811:0602AO-GEN
      Management Engineering, Technical University of Denmark    DC8756
      License for teaching and research at degree granting institutions


**** FILE SUMMARY

Input      /Users/Gugli/Dropbox/#DTU/1Kandidat/1.Semester/42112MatModel/GAMS/Projekt/MathProg/ExcerciseA.gms
Output     /Users/Gugli/Dropbox/#DTU/1Kandidat/1.Semester/42112MatModel/GAMS/Projekt/MathProg/ExcerciseA.lst
