GAMS 24.7.4  r58773 Released Sep 19, 2016 LEX-LEG x86 64bit/Linux                                                                                                                                                                      01/15/17 10:52:51 Page 1
G e n e r a l   A l g e b r a i c   M o d e l i n g   S y s t e m
C o m p i l a t i o n


   2  option iterlim=999999999;// avoid limit on iterations
   3  option reslim=300; // timelimit for solver in
   4  option optcr=0.0; // gap tolerance
   5  option solprint=ON; // include solution print in
   6  option limrow=100; // limit number of rows in
   7  option limcol=100; // limit number of columns
   8  //-----------------------------------------------------------------
   9  SETS
  10          Material   'All Materials'     / MAS, KUS, KOS, KUV, KOV, HSEL, LSEL, PAP,MAT, KUT, KOT, MAK, KUK, KOK, FUEL/
  11          Products(Material)   'Products'  / MAS, KUS, KOS, KUV, KOV, HSEL, LSEL, PAP/
  12          Regions   'Regions'            /EU, IE, PA, KI/
  13          ProductionMaterials(Material) 'Materials used for other products' /MAT,KUT,KOT,MAK,KUK,KOK,HSEL,LSEL/
  14          Timber(ProductionMaterials)    'Types of timber' /MAT, KUT, KOT, MAK, KUK, KOK/
  15          SawMillProducts(Products) 'Products produced at the sawmill' /MAS, KUS, KOS/
  16          PlywoodMillProducts(Products) 'Products prodcued at plywoodmill' /KUV, KOV/
  17          FuelProducts(Products) 'Products producing fuel' /MAS, KUS, KOS, KUV, KOV/
  18          PulpMillProducts(Products) 'Products produced at pulpmill' /HSEL, LSEL/
  19          DemandParameters 'The demand parameters table 4' /Gamma, Delta/
  20          CostParameters 'The cost parameters table 1' /Alpha, Beta/
  21          ;
  22   
  23  ALIAS(Products,i);
  24  ALIAS(Regions,j);
  25  ALIAS(Timber,k);
  26  ALIAS(ProductionMaterials,ProM);
  27  ALIAS(SawMillProducts,sm);
  28  ALIAS(PlywoodMillProducts, pm);
  29  ALIAS(FuelProducts, fp);
  30  ALIAS(PulpMillProducts, pmp);
  31  ALIAS(DemandParameters, dp);
  32  ALIAS(CostParameters, cp);
  33   
  34  Table ProductReq(i,ProM) 'Amount of timber needed for each product'
  35          MAT  KUT  KOT  MAK  KUK  KOK HSEL LSEL
  36   
  37      MAS 2.0           -0.8
  38   
  39      KUS      2.0            -0.8
  40   
  41      KOS           2.0           -0.8
  42   
  43      KUV      2.8            -1.6
  44   
  45      KOV           2.8           -1.6
  46   
  47      HSEL               4.8
  48   
  49      LSEL                         4.8
  50   
  51      PAP                     1.0       0.2  0.2;
  52   
  53  Parameters
  54      c(i) 'cost of making product'
GAMS 24.7.4  r58773 Released Sep 19, 2016 LEX-LEG x86 64bit/Linux                                                                                                                                                                      01/15/17 10:52:51 Page 2
G e n e r a l   A l g e b r a i c   M o d e l i n g   S y s t e m
C o m p i l a t i o n


  55      /MAS 550,
  56       KUS 500,
  57       KOS 450,
  58       KUV 2500,
  59       KOV 2600,
  60       HSEL 820,
  61       LSEL 800,
  62       PAP 1700
  63       /;
  64   
  65  Table demand(i,j,dp) 'The demand parameters of the products for different markets'
  66              Gamma   Delta
  67      MAS.EU  1600    4.0
  68      MAS.IE  1300    10.0
  69      MAS.PA  1400    12.0
  70      MAS.KI  1500    15.0
  71      KUS.EU  1400    4.0
  72      KUS.IE  1200    10.0
  73      KUS.PA  1300    12.0
  74      KUS.KI  1400    15.0
  75      KOS.EU  1300    14.0
  76      KOS.IE  1400    20.0
  77      KOS.PA  1500    22.0
  78      KOS.KI  1600    25.0
  79      KUV.EU  4400    4.0
  80      KUV.IE  3800    10.0
  81      KUV.PA  3600    12.0
  82      KUV.KI  3500    15.0
  83      KOV.EU  4300    4.0
  84      KOV.IE  4100    10.0
  85      KOV.PA  3900    12.0
  86      KOV.KI  3800    15.0
  87      HSEL.EU 2300    2.0
  88      HSEL.IE 2500    4.0
  89      HSEL.PA 2300    5.0
  90      HSEL.KI 2600    6.0
  91      LSEL.EU 2500    3.0
  92      LSEL.IE 2800    2.0
  93      LSEL.PA 2300    5.0
  94      LSEL.KI 2500    7.0
  95      PAP.EU  4500    4.0
  96      PAP.IE  4700    10.0
  97      PAP.PA  4300    12.0
  98      PAP.KI  4800    15.0
  99      ;
 100  Table cost(k,cp)  'The timber assortment cost parameters'
 101              Alpha   Beta
 102      MAT     190     1.0
 103      KUT     150     0.5
 104      KOT     120     3.0
 105      MAK     180     0.2
 106      KUK     150     0.3
 107      KOK     150     0.2
GAMS 24.7.4  r58773 Released Sep 19, 2016 LEX-LEG x86 64bit/Linux                                                                                                                                                                      01/15/17 10:52:51 Page 3
G e n e r a l   A l g e b r a i c   M o d e l i n g   S y s t e m
C o m p i l a t i o n


 108      ;
 109   
 110  variable
 111      z 'max profit'
 112      ;
 113   
 114  Integer variables
 115       x(i)     'Produced of product i in 1000'
 116       sol(i,j) 'sold product i in region j in 10000'
 117       t(k)    'Timber assortment for timber k in 10000'
 118       s(k)    'Material surplus timber k in 1000';
 119   
 120  equations
 121          profit                  'objective function'
 122          sawMillCap              ''
 123          plywoodMillCap  ''
 124          line1Cap                ''
 125          line2Cap                ''
 126          paperMillCap    ''
 127          surPlus(k)              ''
 128          MASproduction   ''
 129          KUSKUVproduction        ''
 130          KOSKOVproduction        ''
 131          HSELproduction  ''
 132          LSELproduction  ''
 133          PAPproduction   ''
 134          SoldLessThanProduced ''
 135          HSELToSell      ''
 136          LSELToSell      ''
 137          ;
 138   
 139                  profit ..                       z =e= sum((i,j), ((demand(i,j,'Gamma')-demand(i,j,'Delta')*(sol(i,j)*10)) - c(i)*x(i))) -
 140                                    sum(k, (cost(k,'Alpha')+cost(k,'Beta')*t(k)*10)) +
 141                                    sum(fp, 0.2*x(fp)*40) +
 142                                    sum(k,s(k)*cost(k,'Alpha'))
 143                                    ;
 144   
 145                  sawMillCap..            sum((sm), x(sm)) =l= 200;
 146                  plywoodMillCap..        sum((pm), x(pm)) =l= 90;
 147                  line1Cap..                      x('HSEL') =l= 220;
 148                  line2Cap..                      x('LSEL') =l= 180;
 149                  paperMillCap..          x('PAP') =l= 80;
 150          surPlus(k)..        t(k)*10 - sum((i,j), x(i)*ProductReq(i,k)) =e= s(k);
 151                  MASproduction..         2*x('MAS') =e= t('MAT')*10;
 152          KUSKUVproduction..      2*x('KUS') + 2.8*x('KUV') =e= t('KUT')*10;
 153          KOSKOVproduction..      2*x('KOS') + 2.8*x('KOV') =e= t('KOT')*10;
 154          HSELproduction..        4.8*x('HSEL') - 0.8*x('MAS') =e= t('MAK')*10;
 155          LSELproduction..        4.2*x('LSEL') - 0.8*x('KOS') - 1.6*x('KOV') =e= t('KOK')*10;
 156          SoldLessThanProduced(i) .. sum(j, sol(i,j)) =l=  x(i)/10;
 157          HSELToSell .. sum(j, sol('HSEL', j)) =l= (x('HSEL')-0.2*x('PAP'))/10;
 158          LSELToSell .. sum(j, sol('LSEL', j)) =l= (x('LSEL')-0.2*x('PAP'))/10;
 159          PAPproduction..         x('PAP') - 0.8*x('KUS') - 1.6*x('KUV') =e=
 160                                                                                          t('KUK') + 0.2 * (x('HSEL') + x('LSEL'));
GAMS 24.7.4  r58773 Released Sep 19, 2016 LEX-LEG x86 64bit/Linux                                                                                                                                                                      01/15/17 10:52:51 Page 4
G e n e r a l   A l g e b r a i c   M o d e l i n g   S y s t e m
C o m p i l a t i o n


 161   
 162   
 163   
 164   
 165  model aStaticModel /all/ ;
 166   
 167  solve aStaticModel using mip maximizing z;
 168   
 169  Display x.M, t.L, s.L;


COMPILATION TIME     =        0.002 SECONDS      3 MB  24.7.4 r58773 LEX-LEG
GAMS 24.7.4  r58773 Released Sep 19, 2016 LEX-LEG x86 64bit/Linux                                                                                                                                                                      01/15/17 10:52:51 Page 5
G e n e r a l   A l g e b r a i c   M o d e l i n g   S y s t e m
Equation Listing    SOLVE aStaticModel Using MIP From line 167


---- profit  =E=  objective function

profit..  z + 2192*x(MAS) + 1992*x(KUS) + 1792*x(KOS) + 9992*x(KUV) + 10392*x(KOV) + 3280*x(HSEL) + 3200*x(LSEL) + 6800*x(PAP) + 40*sol(MAS,EU) + 100*sol(MAS,IE) + 120*sol(MAS,PA) + 150*sol(MAS,KI) + 40*sol(KUS,EU) + 100*sol(KUS,IE) + 120*sol(KUS,PA)
     
      + 150*sol(KUS,KI) + 140*sol(KOS,EU) + 200*sol(KOS,IE) + 220*sol(KOS,PA) + 250*sol(KOS,KI) + 40*sol(KUV,EU) + 100*sol(KUV,IE) + 120*sol(KUV,PA) + 150*sol(KUV,KI) + 40*sol(KOV,EU) + 100*sol(KOV,IE) + 120*sol(KOV,PA) + 150*sol(KOV,KI) + 20*sol(HSEL,EU)
     
      + 40*sol(HSEL,IE) + 50*sol(HSEL,PA) + 60*sol(HSEL,KI) + 30*sol(LSEL,EU) + 20*sol(LSEL,IE) + 50*sol(LSEL,PA) + 70*sol(LSEL,KI) + 40*sol(PAP,EU) + 100*sol(PAP,IE) + 120*sol(PAP,PA) + 150*sol(PAP,KI) + 10*t(MAT) + 5*t(KUT) + 30*t(KOT) + 2*t(MAK)
     
      + 3*t(KUK) + 2*t(KOK) - 190*s(MAT) - 150*s(KUT) - 120*s(KOT) - 180*s(MAK) - 150*s(KUK) - 150*s(KOK) =E= 85460 ; (LHS = 0, INFES = 85460 ****)
     

---- sawMillCap  =L=  

sawMillCap..  x(MAS) + x(KUS) + x(KOS) =L= 200 ; (LHS = 0)
     

---- plywoodMillCap  =L=  

plywoodMillCap..  x(KUV) + x(KOV) =L= 90 ; (LHS = 0)
     

---- line1Cap  =L=  

line1Cap..  x(HSEL) =L= 220 ; (LHS = 0)
     

---- line2Cap  =L=  

line2Cap..  x(LSEL) =L= 180 ; (LHS = 0)
     

---- paperMillCap  =L=  

paperMillCap..  x(PAP) =L= 80 ; (LHS = 0)
     

---- surPlus  =E=  

surPlus(MAT)..  - 8*x(MAS) + 10*t(MAT) - s(MAT) =E= 0 ; (LHS = 0)
     
surPlus(KUT)..  - 8*x(KUS) - 11.2*x(KUV) + 10*t(KUT) - s(KUT) =E= 0 ; (LHS = 0)
     
surPlus(KOT)..  - 8*x(KOS) - 11.2*x(KOV) + 10*t(KOT) - s(KOT) =E= 0 ; (LHS = 0)
     
surPlus(MAK)..  3.2*x(MAS) - 19.2*x(HSEL) + 10*t(MAK) - s(MAK) =E= 0 ; (LHS = 0)
     
surPlus(KUK)..  3.2*x(KUS) + 6.4*x(KUV) - 4*x(PAP) + 10*t(KUK) - s(KUK) =E= 0 ; (LHS = 0)
     
surPlus(KOK)..  3.2*x(KOS) + 6.4*x(KOV) - 19.2*x(LSEL) + 10*t(KOK) - s(KOK) =E= 0 ; (LHS = 0)
     
GAMS 24.7.4  r58773 Released Sep 19, 2016 LEX-LEG x86 64bit/Linux                                                                                                                                                                      01/15/17 10:52:51 Page 6
G e n e r a l   A l g e b r a i c   M o d e l i n g   S y s t e m
Equation Listing    SOLVE aStaticModel Using MIP From line 167


---- MASproduction  =E=  

MASproduction..  2*x(MAS) - 10*t(MAT) =E= 0 ; (LHS = 0)
     

---- KUSKUVproduction  =E=  

KUSKUVproduction..  2*x(KUS) + 2.8*x(KUV) - 10*t(KUT) =E= 0 ; (LHS = 0)
     

---- KOSKOVproduction  =E=  

KOSKOVproduction..  2*x(KOS) + 2.8*x(KOV) - 10*t(KOT) =E= 0 ; (LHS = 0)
     

---- HSELproduction  =E=  

HSELproduction..  - 0.8*x(MAS) + 4.8*x(HSEL) - 10*t(MAK) =E= 0 ; (LHS = 0)
     

---- LSELproduction  =E=  

LSELproduction..  - 0.8*x(KOS) - 1.6*x(KOV) + 4.2*x(LSEL) - 10*t(KOK) =E= 0 ; (LHS = 0)
     

---- PAPproduction  =E=  

PAPproduction..  - 0.8*x(KUS) - 1.6*x(KUV) - 0.2*x(HSEL) - 0.2*x(LSEL) + x(PAP) - t(KUK) =E= 0 ; (LHS = 0)
     

---- SoldLessThanProduced  =L=  

SoldLessThanProduced(MAS)..  - 0.1*x(MAS) + sol(MAS,EU) + sol(MAS,IE) + sol(MAS,PA) + sol(MAS,KI) =L= 0 ; (LHS = 0)
     
SoldLessThanProduced(KUS)..  - 0.1*x(KUS) + sol(KUS,EU) + sol(KUS,IE) + sol(KUS,PA) + sol(KUS,KI) =L= 0 ; (LHS = 0)
     
SoldLessThanProduced(KOS)..  - 0.1*x(KOS) + sol(KOS,EU) + sol(KOS,IE) + sol(KOS,PA) + sol(KOS,KI) =L= 0 ; (LHS = 0)
     
SoldLessThanProduced(KUV)..  - 0.1*x(KUV) + sol(KUV,EU) + sol(KUV,IE) + sol(KUV,PA) + sol(KUV,KI) =L= 0 ; (LHS = 0)
     
SoldLessThanProduced(KOV)..  - 0.1*x(KOV) + sol(KOV,EU) + sol(KOV,IE) + sol(KOV,PA) + sol(KOV,KI) =L= 0 ; (LHS = 0)
     
SoldLessThanProduced(HSEL)..  - 0.1*x(HSEL) + sol(HSEL,EU) + sol(HSEL,IE) + sol(HSEL,PA) + sol(HSEL,KI) =L= 0 ; (LHS = 0)
     
SoldLessThanProduced(LSEL)..  - 0.1*x(LSEL) + sol(LSEL,EU) + sol(LSEL,IE) + sol(LSEL,PA) + sol(LSEL,KI) =L= 0 ; (LHS = 0)
     
SoldLessThanProduced(PAP)..  - 0.1*x(PAP) + sol(PAP,EU) + sol(PAP,IE) + sol(PAP,PA) + sol(PAP,KI) =L= 0 ; (LHS = 0)
     
GAMS 24.7.4  r58773 Released Sep 19, 2016 LEX-LEG x86 64bit/Linux                                                                                                                                                                      01/15/17 10:52:51 Page 7
G e n e r a l   A l g e b r a i c   M o d e l i n g   S y s t e m
Equation Listing    SOLVE aStaticModel Using MIP From line 167


---- HSELToSell  =L=  

HSELToSell..  - 0.1*x(HSEL) + 0.02*x(PAP) + sol(HSEL,EU) + sol(HSEL,IE) + sol(HSEL,PA) + sol(HSEL,KI) =L= 0 ; (LHS = 0)
     

---- LSELToSell  =L=  

LSELToSell..  - 0.1*x(LSEL) + 0.02*x(PAP) + sol(LSEL,EU) + sol(LSEL,IE) + sol(LSEL,PA) + sol(LSEL,KI) =L= 0 ; (LHS = 0)
     
GAMS 24.7.4  r58773 Released Sep 19, 2016 LEX-LEG x86 64bit/Linux                                                                                                                                                                      01/15/17 10:52:51 Page 8
G e n e r a l   A l g e b r a i c   M o d e l i n g   S y s t e m
Column Listing      SOLVE aStaticModel Using MIP From line 167


---- z  max profit

z
                (.LO, .L, .UP, .M = -INF, 0, +INF, 0)
        1       profit


---- x  Produced of product i in 1000

x(MAS)
                (.LO, .L, .UP, .M = 0, 0, 100, 0)
     2192       profit
        1       sawMillCap
       -8       surPlus(MAT)
        3.2     surPlus(MAK)
        2       MASproduction
       -0.8     HSELproduction
       -0.1     SoldLessThanProduced(MAS)

x(KUS)
                (.LO, .L, .UP, .M = 0, 0, 100, 0)
     1992       profit
        1       sawMillCap
       -8       surPlus(KUT)
        3.2     surPlus(KUK)
        2       KUSKUVproduction
       -0.8     PAPproduction
       -0.1     SoldLessThanProduced(KUS)

x(KOS)
                (.LO, .L, .UP, .M = 0, 0, 100, 0)
     1792       profit
        1       sawMillCap
       -8       surPlus(KOT)
        3.2     surPlus(KOK)
        2       KOSKOVproduction
       -0.8     LSELproduction
       -0.1     SoldLessThanProduced(KOS)

x(KUV)
                (.LO, .L, .UP, .M = 0, 0, 100, 0)
     9992       profit
        1       plywoodMillCap
      -11.2     surPlus(KUT)
        6.4     surPlus(KUK)
        2.8     KUSKUVproduction
       -1.6     PAPproduction
       -0.1     SoldLessThanProduced(KUV)

x(KOV)
                (.LO, .L, .UP, .M = 0, 0, 100, 0)
    10392       profit
        1       plywoodMillCap
GAMS 24.7.4  r58773 Released Sep 19, 2016 LEX-LEG x86 64bit/Linux                                                                                                                                                                      01/15/17 10:52:51 Page 9
G e n e r a l   A l g e b r a i c   M o d e l i n g   S y s t e m
Column Listing      SOLVE aStaticModel Using MIP From line 167


     x  Produced of product i in 1000

      -11.2     surPlus(KOT)
        6.4     surPlus(KOK)
        2.8     KOSKOVproduction
       -1.6     LSELproduction
       -0.1     SoldLessThanProduced(KOV)

x(HSEL)
                (.LO, .L, .UP, .M = 0, 0, 100, 0)
     3280       profit
        1       line1Cap
      -19.2     surPlus(MAK)
        4.8     HSELproduction
       -0.2     PAPproduction
       -0.1     SoldLessThanProduced(HSEL)
       -0.1     HSELToSell

x(LSEL)
                (.LO, .L, .UP, .M = 0, 0, 100, 0)
     3200       profit
        1       line2Cap
      -19.2     surPlus(KOK)
        4.2     LSELproduction
       -0.2     PAPproduction
       -0.1     SoldLessThanProduced(LSEL)
       -0.1     LSELToSell

x(PAP)
                (.LO, .L, .UP, .M = 0, 0, 100, 0)
     6800       profit
        1       paperMillCap
       -4       surPlus(KUK)
        1       PAPproduction
       -0.1     SoldLessThanProduced(PAP)
        0.02    HSELToSell
        0.02    LSELToSell


---- sol  sold product i in region j in 10000

sol(MAS,EU)
                (.LO, .L, .UP, .M = 0, 0, 100, 0)
       40       profit
        1       SoldLessThanProduced(MAS)

sol(MAS,IE)
                (.LO, .L, .UP, .M = 0, 0, 100, 0)
      100       profit
        1       SoldLessThanProduced(MAS)

sol(MAS,PA)
                (.LO, .L, .UP, .M = 0, 0, 100, 0)
GAMS 24.7.4  r58773 Released Sep 19, 2016 LEX-LEG x86 64bit/Linux                                                                                                                                                                     01/15/17 10:52:51 Page 10
G e n e r a l   A l g e b r a i c   M o d e l i n g   S y s t e m
Column Listing      SOLVE aStaticModel Using MIP From line 167


     sol  sold product i in region j in 10000

      120       profit
        1       SoldLessThanProduced(MAS)

sol(MAS,KI)
                (.LO, .L, .UP, .M = 0, 0, 100, 0)
      150       profit
        1       SoldLessThanProduced(MAS)

sol(KUS,EU)
                (.LO, .L, .UP, .M = 0, 0, 100, 0)
       40       profit
        1       SoldLessThanProduced(KUS)

sol(KUS,IE)
                (.LO, .L, .UP, .M = 0, 0, 100, 0)
      100       profit
        1       SoldLessThanProduced(KUS)

sol(KUS,PA)
                (.LO, .L, .UP, .M = 0, 0, 100, 0)
      120       profit
        1       SoldLessThanProduced(KUS)

sol(KUS,KI)
                (.LO, .L, .UP, .M = 0, 0, 100, 0)
      150       profit
        1       SoldLessThanProduced(KUS)

sol(KOS,EU)
                (.LO, .L, .UP, .M = 0, 0, 100, 0)
      140       profit
        1       SoldLessThanProduced(KOS)

sol(KOS,IE)
                (.LO, .L, .UP, .M = 0, 0, 100, 0)
      200       profit
        1       SoldLessThanProduced(KOS)

sol(KOS,PA)
                (.LO, .L, .UP, .M = 0, 0, 100, 0)
      220       profit
        1       SoldLessThanProduced(KOS)

sol(KOS,KI)
                (.LO, .L, .UP, .M = 0, 0, 100, 0)
      250       profit
        1       SoldLessThanProduced(KOS)

sol(KUV,EU)
                (.LO, .L, .UP, .M = 0, 0, 100, 0)
       40       profit
GAMS 24.7.4  r58773 Released Sep 19, 2016 LEX-LEG x86 64bit/Linux                                                                                                                                                                     01/15/17 10:52:51 Page 11
G e n e r a l   A l g e b r a i c   M o d e l i n g   S y s t e m
Column Listing      SOLVE aStaticModel Using MIP From line 167


     sol  sold product i in region j in 10000

        1       SoldLessThanProduced(KUV)

sol(KUV,IE)
                (.LO, .L, .UP, .M = 0, 0, 100, 0)
      100       profit
        1       SoldLessThanProduced(KUV)

sol(KUV,PA)
                (.LO, .L, .UP, .M = 0, 0, 100, 0)
      120       profit
        1       SoldLessThanProduced(KUV)

sol(KUV,KI)
                (.LO, .L, .UP, .M = 0, 0, 100, 0)
      150       profit
        1       SoldLessThanProduced(KUV)

sol(KOV,EU)
                (.LO, .L, .UP, .M = 0, 0, 100, 0)
       40       profit
        1       SoldLessThanProduced(KOV)

sol(KOV,IE)
                (.LO, .L, .UP, .M = 0, 0, 100, 0)
      100       profit
        1       SoldLessThanProduced(KOV)

sol(KOV,PA)
                (.LO, .L, .UP, .M = 0, 0, 100, 0)
      120       profit
        1       SoldLessThanProduced(KOV)

sol(KOV,KI)
                (.LO, .L, .UP, .M = 0, 0, 100, 0)
      150       profit
        1       SoldLessThanProduced(KOV)

sol(HSEL,EU)
                (.LO, .L, .UP, .M = 0, 0, 100, 0)
       20       profit
        1       SoldLessThanProduced(HSEL)
        1       HSELToSell

sol(HSEL,IE)
                (.LO, .L, .UP, .M = 0, 0, 100, 0)
       40       profit
        1       SoldLessThanProduced(HSEL)
        1       HSELToSell

sol(HSEL,PA)
                (.LO, .L, .UP, .M = 0, 0, 100, 0)
GAMS 24.7.4  r58773 Released Sep 19, 2016 LEX-LEG x86 64bit/Linux                                                                                                                                                                     01/15/17 10:52:51 Page 12
G e n e r a l   A l g e b r a i c   M o d e l i n g   S y s t e m
Column Listing      SOLVE aStaticModel Using MIP From line 167


     sol  sold product i in region j in 10000

       50       profit
        1       SoldLessThanProduced(HSEL)
        1       HSELToSell

sol(HSEL,KI)
                (.LO, .L, .UP, .M = 0, 0, 100, 0)
       60       profit
        1       SoldLessThanProduced(HSEL)
        1       HSELToSell

sol(LSEL,EU)
                (.LO, .L, .UP, .M = 0, 0, 100, 0)
       30       profit
        1       SoldLessThanProduced(LSEL)
        1       LSELToSell

sol(LSEL,IE)
                (.LO, .L, .UP, .M = 0, 0, 100, 0)
       20       profit
        1       SoldLessThanProduced(LSEL)
        1       LSELToSell

sol(LSEL,PA)
                (.LO, .L, .UP, .M = 0, 0, 100, 0)
       50       profit
        1       SoldLessThanProduced(LSEL)
        1       LSELToSell

sol(LSEL,KI)
                (.LO, .L, .UP, .M = 0, 0, 100, 0)
       70       profit
        1       SoldLessThanProduced(LSEL)
        1       LSELToSell

sol(PAP,EU)
                (.LO, .L, .UP, .M = 0, 0, 100, 0)
       40       profit
        1       SoldLessThanProduced(PAP)

sol(PAP,IE)
                (.LO, .L, .UP, .M = 0, 0, 100, 0)
      100       profit
        1       SoldLessThanProduced(PAP)

sol(PAP,PA)
                (.LO, .L, .UP, .M = 0, 0, 100, 0)
      120       profit
        1       SoldLessThanProduced(PAP)

sol(PAP,KI)
                (.LO, .L, .UP, .M = 0, 0, 100, 0)
GAMS 24.7.4  r58773 Released Sep 19, 2016 LEX-LEG x86 64bit/Linux                                                                                                                                                                     01/15/17 10:52:51 Page 13
G e n e r a l   A l g e b r a i c   M o d e l i n g   S y s t e m
Column Listing      SOLVE aStaticModel Using MIP From line 167


     sol  sold product i in region j in 10000

      150       profit
        1       SoldLessThanProduced(PAP)


---- t  Timber assortment for timber k in 10000

t(MAT)
                (.LO, .L, .UP, .M = 0, 0, 100, 0)
       10       profit
       10       surPlus(MAT)
      -10       MASproduction

t(KUT)
                (.LO, .L, .UP, .M = 0, 0, 100, 0)
        5       profit
       10       surPlus(KUT)
      -10       KUSKUVproduction

t(KOT)
                (.LO, .L, .UP, .M = 0, 0, 100, 0)
       30       profit
       10       surPlus(KOT)
      -10       KOSKOVproduction

t(MAK)
                (.LO, .L, .UP, .M = 0, 0, 100, 0)
        2       profit
       10       surPlus(MAK)
      -10       HSELproduction

t(KUK)
                (.LO, .L, .UP, .M = 0, 0, 100, 0)
        3       profit
       10       surPlus(KUK)
       -1       PAPproduction

t(KOK)
                (.LO, .L, .UP, .M = 0, 0, 100, 0)
        2       profit
       10       surPlus(KOK)
      -10       LSELproduction


---- s  Material surplus timber k in 1000

s(MAT)
                (.LO, .L, .UP, .M = 0, 0, 100, 0)
     -190       profit
       -1       surPlus(MAT)

s(KUT)
GAMS 24.7.4  r58773 Released Sep 19, 2016 LEX-LEG x86 64bit/Linux                                                                                                                                                                     01/15/17 10:52:51 Page 14
G e n e r a l   A l g e b r a i c   M o d e l i n g   S y s t e m
Column Listing      SOLVE aStaticModel Using MIP From line 167


     s  Material surplus timber k in 1000

                (.LO, .L, .UP, .M = 0, 0, 100, 0)
     -150       profit
       -1       surPlus(KUT)

s(KOT)
                (.LO, .L, .UP, .M = 0, 0, 100, 0)
     -120       profit
       -1       surPlus(KOT)

s(MAK)
                (.LO, .L, .UP, .M = 0, 0, 100, 0)
     -180       profit
       -1       surPlus(MAK)

s(KUK)
                (.LO, .L, .UP, .M = 0, 0, 100, 0)
     -150       profit
       -1       surPlus(KUK)

s(KOK)
                (.LO, .L, .UP, .M = 0, 0, 100, 0)
     -150       profit
       -1       surPlus(KOK)


****
****  52 Integer +INF Bounds have been reset to 100 (see Option IntVarUp)
****
GAMS 24.7.4  r58773 Released Sep 19, 2016 LEX-LEG x86 64bit/Linux                                                                                                                                                                     01/15/17 10:52:51 Page 15
G e n e r a l   A l g e b r a i c   M o d e l i n g   S y s t e m
Model Statistics    SOLVE aStaticModel Using MIP From line 167


MODEL STATISTICS

BLOCKS OF EQUATIONS          16     SINGLE EQUATIONS           28
BLOCKS OF VARIABLES           5     SINGLE VARIABLES           53
NON ZERO ELEMENTS           159     DISCRETE VARIABLES         52


GENERATION TIME      =        0.018 SECONDS      4 MB  24.7.4 r58773 LEX-LEG


EXECUTION TIME       =        0.020 SECONDS      4 MB  24.7.4 r58773 LEX-LEG
GAMS 24.7.4  r58773 Released Sep 19, 2016 LEX-LEG x86 64bit/Linux                                                                                                                                                                     01/15/17 10:52:51 Page 16
G e n e r a l   A l g e b r a i c   M o d e l i n g   S y s t e m
Solution Report     SOLVE aStaticModel Using MIP From line 167


               S O L V E      S U M M A R Y

     MODEL   aStaticModel        OBJECTIVE  z
     TYPE    MIP                 DIRECTION  MAXIMIZE
     SOLVER  CPLEX               FROM LINE  167

**** SOLVER STATUS     1 Normal Completion         
**** MODEL STATUS      1 Optimal                   
**** OBJECTIVE VALUE            85460.0000

 RESOURCE USAGE, LIMIT          0.042       300.000
 ITERATION COUNT, LIMIT         0     999999999

IBM ILOG CPLEX   24.7.4 r58773 Released Sep 19, 2016 LEG x86 64bit/Linux      
--- GAMS/Cplex licensed for continuous and discrete problems.
Cplex 12.6.3.0

Space for names approximately 0.00 Mb
Use option 'names no' to turn use of names off
MIP status(101): integer optimal solution
Cplex Time: 0.01sec (det. 0.04 ticks)
Fixing integer variables, and solving final LP...
Fixed MIP status(1): optimal
Cplex Time: 0.00sec (det. 0.03 ticks)
Proven optimal solution.

MIP Solution:        85460.000000    (0 iterations, 0 nodes)
Final Solve:         85460.000000    (0 iterations)

Best possible:       85460.000000
Absolute gap:            0.000000
Relative gap:            0.000000


                           LOWER          LEVEL          UPPER         MARGINAL

---- EQU profit         85460.0000     85460.0000     85460.0000         1.0000      
---- EQU sawMillCap        -INF             .           200.0000          .          
---- EQU plywoodMi~        -INF             .            90.0000          .          
---- EQU line1Cap          -INF             .           220.0000          .          
---- EQU line2Cap          -INF             .           180.0000          .          
---- EQU paperMill~        -INF             .            80.0000          .          

  profit  objective function
  sawMillCap  
  plywoodMillCap  
  line1Cap  
  line2Cap  
  paperMillCap  
GAMS 24.7.4  r58773 Released Sep 19, 2016 LEX-LEG x86 64bit/Linux                                                                                                                                                                     01/15/17 10:52:51 Page 17
G e n e r a l   A l g e b r a i c   M o d e l i n g   S y s t e m
Solution Report     SOLVE aStaticModel Using MIP From line 167


---- EQU surPlus  

           LOWER          LEVEL          UPPER         MARGINAL

MAT          .              .              .              .          
KUT          .              .              .              .          
KOT          .              .              .              .          
MAK          .              .              .              .          
KUK          .              .              .              .          
KOK          .              .              .              .          

                           LOWER          LEVEL          UPPER         MARGINAL

---- EQU MASproduc~          .              .              .              .          
---- EQU KUSKUVpro~          .              .              .              .          
---- EQU KOSKOVpro~          .              .              .              .          
---- EQU HSELprodu~          .              .              .              .          
---- EQU LSELprodu~          .              .              .              .          
---- EQU PAPproduc~          .              .              .              .          

  MASproduction  
  KUSKUVproduction  
  KOSKOVproduction  
  HSELproduction  
  LSELproduction  
  PAPproduction  

---- EQU SoldLessThanProduced  

            LOWER          LEVEL          UPPER         MARGINAL

MAS         -INF             .              .              .          
KUS         -INF             .              .              .          
KOS         -INF             .              .              .          
KUV         -INF             .              .              .          
KOV         -INF             .              .              .          
HSEL        -INF             .              .              .          
LSEL        -INF             .              .              .          
PAP         -INF             .              .              .          

                           LOWER          LEVEL          UPPER         MARGINAL

---- EQU HSELToSell        -INF             .              .              .          
---- EQU LSELToSell        -INF             .              .              .          

  HSELToSell  
  LSELToSell  

                           LOWER          LEVEL          UPPER         MARGINAL

---- VAR z                 -INF        85460.0000        +INF             .          

  z  max profit
GAMS 24.7.4  r58773 Released Sep 19, 2016 LEX-LEG x86 64bit/Linux                                                                                                                                                                     01/15/17 10:52:51 Page 18
G e n e r a l   A l g e b r a i c   M o d e l i n g   S y s t e m
Solution Report     SOLVE aStaticModel Using MIP From line 167


---- VAR x  Produced of product i in 1000

            LOWER          LEVEL          UPPER         MARGINAL

MAS           .              .           100.0000     -2192.0000      
KUS           .              .           100.0000     -1992.0000      
KOS           .              .           100.0000     -1792.0000      
KUV           .              .           100.0000     -9992.0000      
KOV           .              .           100.0000    -10392.0000      
HSEL          .              .           100.0000     -3280.0000      
LSEL          .              .           100.0000     -3200.0000      
PAP           .              .           100.0000     -6800.0000      

---- VAR sol  sold product i in region j in 10000

               LOWER          LEVEL          UPPER         MARGINAL

MAS .EU          .              .           100.0000       -40.0000      
MAS .IE          .              .           100.0000      -100.0000      
MAS .PA          .              .           100.0000      -120.0000      
MAS .KI          .              .           100.0000      -150.0000      
KUS .EU          .              .           100.0000       -40.0000      
KUS .IE          .              .           100.0000      -100.0000      
KUS .PA          .              .           100.0000      -120.0000      
KUS .KI          .              .           100.0000      -150.0000      
KOS .EU          .              .           100.0000      -140.0000      
KOS .IE          .              .           100.0000      -200.0000      
KOS .PA          .              .           100.0000      -220.0000      
KOS .KI          .              .           100.0000      -250.0000      
KUV .EU          .              .           100.0000       -40.0000      
KUV .IE          .              .           100.0000      -100.0000      
KUV .PA          .              .           100.0000      -120.0000      
KUV .KI          .              .           100.0000      -150.0000      
KOV .EU          .              .           100.0000       -40.0000      
KOV .IE          .              .           100.0000      -100.0000      
KOV .PA          .              .           100.0000      -120.0000      
KOV .KI          .              .           100.0000      -150.0000      
HSEL.EU          .              .           100.0000       -20.0000      
HSEL.IE          .              .           100.0000       -40.0000      
HSEL.PA          .              .           100.0000       -50.0000      
HSEL.KI          .              .           100.0000       -60.0000      
LSEL.EU          .              .           100.0000       -30.0000      
LSEL.IE          .              .           100.0000       -20.0000      
LSEL.PA          .              .           100.0000       -50.0000      
LSEL.KI          .              .           100.0000       -70.0000      
PAP .EU          .              .           100.0000       -40.0000      
PAP .IE          .              .           100.0000      -100.0000      
PAP .PA          .              .           100.0000      -120.0000      
PAP .KI          .              .           100.0000      -150.0000      
GAMS 24.7.4  r58773 Released Sep 19, 2016 LEX-LEG x86 64bit/Linux                                                                                                                                                                     01/15/17 10:52:51 Page 19
G e n e r a l   A l g e b r a i c   M o d e l i n g   S y s t e m
Solution Report     SOLVE aStaticModel Using MIP From line 167


---- VAR t  Timber assortment for timber k in 10000

           LOWER          LEVEL          UPPER         MARGINAL

MAT          .              .           100.0000       -10.0000      
KUT          .              .           100.0000        -5.0000      
KOT          .              .           100.0000       -30.0000      
MAK          .              .           100.0000        -2.0000      
KUK          .              .           100.0000        -3.0000      
KOK          .              .           100.0000        -2.0000      

---- VAR s  Material surplus timber k in 1000

           LOWER          LEVEL          UPPER         MARGINAL

MAT          .              .           100.0000       190.0000      
KUT          .              .           100.0000       150.0000      
KOT          .              .           100.0000       120.0000      
MAK          .              .           100.0000       180.0000      
KUK          .              .           100.0000       150.0000      
KOK          .              .           100.0000       150.0000      


**** REPORT SUMMARY :        0     NONOPT
                             0 INFEASIBLE
                             0  UNBOUNDED
GAMS 24.7.4  r58773 Released Sep 19, 2016 LEX-LEG x86 64bit/Linux                                                                                                                                                                     01/15/17 10:52:51 Page 20
G e n e r a l   A l g e b r a i c   M o d e l i n g   S y s t e m
E x e c u t i o n


----    169 VARIABLE x.M  Produced of product i in 1000

MAS   -2192.000,    KUS   -1992.000,    KOS   -1792.000,    KUV   -9992.000,    KOV  -10392.000,    HSEL  -3280.000,    LSEL  -3200.000,    PAP   -6800.000


----    169 VARIABLE t.L  Timber assortment for timber k in 10000

                      ( ALL       0.000 )


----    169 VARIABLE s.L  Material surplus timber k in 1000

                      ( ALL       0.000 )



EXECUTION TIME       =        0.001 SECONDS      3 MB  24.7.4 r58773 LEX-LEG


USER: Course License Fall 2016                       A160811:0602AO-GEN
      Management Engineering, Technical University of Denmark    DC8756
      License for teaching and research at degree granting institutions


**** FILE SUMMARY

Input      /home/mads/Dropbox/DTU/MathProg/MathProg/ExcerciseA.gms
Output     /home/mads/Dropbox/DTU/MathProg/MathProg/ExcerciseA.lst
