GAMS 24.7.4  r58773 Released Sep 19, 2016 LEX-LEG x86 64bit/Linux                                                                                                                                                                      01/15/17 14:46:27 Page 1
G e n e r a l   A l g e b r a i c   M o d e l i n g   S y s t e m
C o m p i l a t i o n


   2  option iterlim=999999999;// avoid limit on iterations
   3  option reslim=300; // timelimit for solver in
   4  option optcr=0.0; // gap tolerance
   5  option solprint=ON; // include solution print in
   6  option limrow=100; // limit number of rows in
   7  option limcol=100; // limit number of columns
   8  //-----------------------------------------------------------------
   9  SETS
  10          Products   'Products'  / MAS, KUS, KOS, KUV, KOV, HSEL, LSEL, PAP/
  11          Regions   'Regions'            /EU, IE, PA, KI/
  12          Timber    'Types of timber' /MAT, KUT, KOT, MAK, KUK, KOK/
  13          SawMillProducts(Products) 'Products produced at the sawmill' /MAS, KUS, KOS/
  14          PlywoodMillProducts(Products) 'Products prodcued at plywoodmill' /KUV, KOV/
  15          FuelProducts(Products) 'Products producing fuel' /MAS, KUS, KOS, KUV, KOV/
  16          DemandParameters 'The demand parameters table 4' /Gamma, Delta/
  17          CostParameters 'The cost parameters table 1' /Alpha, Beta/
  18          ;
  19   
  20  ALIAS(Products,i);
  21  ALIAS(Regions,j);
  22  ALIAS(Timber,k);
  23  ALIAS(SawMillProducts,sm);
  24  ALIAS(PlywoodMillProducts, pm);
  25  ALIAS(FuelProducts, fp);
  26  ALIAS(DemandParameters, dp);
  27  ALIAS(CostParameters, cp);
  28   
  29  Table ProductReq(i,k) 'Amount of timber needed for each product'
  30          MAT  KUT  KOT  MAK  KUK  KOK
  31   
  32      MAS 2.0           -0.8
  33   
  34      KUS      2.0            -0.8
  35   
  36      KOS           2.0           -0.8
  37   
  38      KUV      2.8            -1.6
  39   
  40      KOV           2.8           -1.6
  41   
  42      HSEL               4.8
  43   
  44      LSEL                         4.8
  45   
  46      PAP                     1.0
  47   
  48  Parameters
  49      c(i) 'cost of making product'
  50      /MAS 550,
  51       KUS 500,
  52       KOS 450,
  53       KUV 2500,
  54       KOV 2600,
GAMS 24.7.4  r58773 Released Sep 19, 2016 LEX-LEG x86 64bit/Linux                                                                                                                                                                      01/15/17 14:46:27 Page 2
G e n e r a l   A l g e b r a i c   M o d e l i n g   S y s t e m
C o m p i l a t i o n


  55       HSEL 820,
  56       LSEL 800,
  57       PAP 1700
  58       /;
  59   
  60  Table demand(i,j,dp) 'The demand parameters of the products for different markets'
  61              Gamma   Delta
  62      MAS.EU  1600    4.0
  63      MAS.IE  1300    10.0
  64      MAS.PA  1400    12.0
  65      MAS.KI  1500    15.0
  66      KUS.EU  1400    4.0
  67      KUS.IE  1200    10.0
  68      KUS.PA  1300    12.0
  69      KUS.KI  1400    15.0
  70      KOS.EU  1300    14.0
  71      KOS.IE  1400    20.0
  72      KOS.PA  1500    22.0
  73      KOS.KI  1600    25.0
  74      KUV.EU  4400    4.0
  75      KUV.IE  3800    10.0
  76      KUV.PA  3600    12.0
  77      KUV.KI  3500    15.0
  78      KOV.EU  4300    4.0
  79      KOV.IE  4100    10.0
  80      KOV.PA  3900    12.0
  81      KOV.KI  3800    15.0
  82      HSEL.EU 2300    2.0
  83      HSEL.IE 2500    4.0
  84      HSEL.PA 2300    5.0
  85      HSEL.KI 2600    6.0
  86      LSEL.EU 2500    3.0
  87      LSEL.IE 2800    2.0
  88      LSEL.PA 2300    5.0
  89      LSEL.KI 2500    7.0
  90      PAP.EU  4500    4.0
  91      PAP.IE  4700    10.0
  92      PAP.PA  4300    12.0
  93      PAP.KI  4800    15.0
  94      ;
  95  Table cost(k,cp)  'The timber assortment cost parameters'
  96              Alpha   Beta
  97      MAT     190     1.0
  98      KUT     150     0.5
  99      KOT     120     3.0
 100      MAK     180     0.2
 101      KUK     150     0.3
 102      KOK     150     0.2
 103      ;
 104   
 105  variable
 106      z 'max profit'
 107      ;
GAMS 24.7.4  r58773 Released Sep 19, 2016 LEX-LEG x86 64bit/Linux                                                                                                                                                                      01/15/17 14:46:27 Page 3
G e n e r a l   A l g e b r a i c   M o d e l i n g   S y s t e m
C o m p i l a t i o n


 108   
 109  integer variables
 110       x(i)     'Produced of product i in 1000'
 111       sol(i,j) 'sold product i in region j in 10000'
 112       t(k)    'Timber assortment for timber k in 10000'
 113       s(k)    'Material surplus timber k in 1000';
 114   
 115  binary variable
 116      y(k) 'if there is a surplus of material k';
 117   
 118   
 119  equations
 120          profit                  'objective function'
 121          materialReq     ''
 122          sawMillCap              ''
 123          plywoodMillCap  ''
 124          line1Cap                ''
 125          line2Cap                ''
 126          paperMillCap    ''
 127          surPlus(k)              ''
 128          SoldLessThanProduced ''
 129          HSELToSell      ''
 130          LSELToSell      ''
 131          IsThereSurplus  ''
 132          ;
 133   
 134                  profit ..                       z =e= -sum((i,j), ((demand(i,j,'Gamma')-demand(i,j,'Delta')*(sol(i,j)*10)) - c(i)*x(i))) +
 135                                    sum(k, (cost(k,'Alpha')+cost(k,'Beta')*t(k)*10)) +
 136                                    sum(fp, 0.2*x(fp)*40) +
 137                                    sum(k, cost(k,'Alpha')*y(k))
 138                                    ;
 139                  sawMillCap..            sum((sm), x(sm)) =l= 200;
 140                  plywoodMillCap..        sum((pm), x(pm)) =l= 90;
 141                  line1Cap..                      x('HSEL') =l= 220;
 142                  line2Cap..                      x('LSEL') =l= 180;
 143                  paperMillCap..          x('PAP') =l= 80;
 144          surPlus(k)..        t(k)*10 - sum((i,j), x(i)*ProductReq(i,k)) =e= s(k);
 145                  materialReq(k) ..   sum(i, ProductReq(i,k)*x(i)) =l= t(k)*10;
 146          SoldLessThanProduced(i) .. sum(j, sol(i,j)) =e=  x(i)/10;
 147          HSELToSell .. sum(j, sol('HSEL', j)) =e= (x('HSEL')-0.2*x('PAP'))/10;
 148          LSELToSell .. sum(j, sol('LSEL', j)) =e= (x('LSEL')-0.2*x('PAP'))/10;
 149          IsThereSurplus(k) .. s(k) =l= 1000000000000*y(k);
 150   
 151  model aStaticModel /all/ ;
 152   
 153  solve aStaticModel using mip maximizing z;
 154   
 155  Display x.L, t.L, sol.L, x.M, s.L;


COMPILATION TIME     =        0.001 SECONDS      3 MB  24.7.4 r58773 LEX-LEG
GAMS 24.7.4  r58773 Released Sep 19, 2016 LEX-LEG x86 64bit/Linux                                                                                                                                                                      01/15/17 14:46:27 Page 4
G e n e r a l   A l g e b r a i c   M o d e l i n g   S y s t e m
Equation Listing    SOLVE aStaticModel Using MIP From line 153


---- profit  =E=  objective function

profit..  z - 2208*x(MAS) - 2008*x(KUS) - 1808*x(KOS) - 10008*x(KUV) - 10408*x(KOV) - 3280*x(HSEL) - 3200*x(LSEL) - 6800*x(PAP) - 40*sol(MAS,EU) - 100*sol(MAS,IE) - 120*sol(MAS,PA) - 150*sol(MAS,KI) - 40*sol(KUS,EU) - 100*sol(KUS,IE) - 120*sol(KUS,PA)
     
      - 150*sol(KUS,KI) - 140*sol(KOS,EU) - 200*sol(KOS,IE) - 220*sol(KOS,PA) - 250*sol(KOS,KI) - 40*sol(KUV,EU) - 100*sol(KUV,IE) - 120*sol(KUV,PA) - 150*sol(KUV,KI) - 40*sol(KOV,EU) - 100*sol(KOV,IE) - 120*sol(KOV,PA) - 150*sol(KOV,KI) - 20*sol(HSEL,EU)
     
      - 40*sol(HSEL,IE) - 50*sol(HSEL,PA) - 60*sol(HSEL,KI) - 30*sol(LSEL,EU) - 20*sol(LSEL,IE) - 50*sol(LSEL,PA) - 70*sol(LSEL,KI) - 40*sol(PAP,EU) - 100*sol(PAP,IE) - 120*sol(PAP,PA) - 150*sol(PAP,KI) - 10*t(MAT) - 5*t(KUT) - 30*t(KOT) - 2*t(MAK)
     
      - 3*t(KUK) - 2*t(KOK) - 190*y(MAT) - 150*y(KUT) - 120*y(KOT) - 180*y(MAK) - 150*y(KUK) - 150*y(KOK) =E= -85460 ; (LHS = 0, INFES = 85460 ****)
     

---- materialReq  =L=  

materialReq(MAT)..  2*x(MAS) - 10*t(MAT) =L= 0 ; (LHS = 0)
     
materialReq(KUT)..  2*x(KUS) + 2.8*x(KUV) - 10*t(KUT) =L= 0 ; (LHS = 0)
     
materialReq(KOT)..  2*x(KOS) + 2.8*x(KOV) - 10*t(KOT) =L= 0 ; (LHS = 0)
     
materialReq(MAK)..  - 0.8*x(MAS) + 4.8*x(HSEL) - 10*t(MAK) =L= 0 ; (LHS = 0)
     
materialReq(KUK)..  - 0.8*x(KUS) - 1.6*x(KUV) + x(PAP) - 10*t(KUK) =L= 0 ; (LHS = 0)
     
materialReq(KOK)..  - 0.8*x(KOS) - 1.6*x(KOV) + 4.8*x(LSEL) - 10*t(KOK) =L= 0 ; (LHS = 0)
     

---- sawMillCap  =L=  

sawMillCap..  x(MAS) + x(KUS) + x(KOS) =L= 200 ; (LHS = 0)
     

---- plywoodMillCap  =L=  

plywoodMillCap..  x(KUV) + x(KOV) =L= 90 ; (LHS = 0)
     

---- line1Cap  =L=  

line1Cap..  x(HSEL) =L= 220 ; (LHS = 0)
     

---- line2Cap  =L=  

line2Cap..  x(LSEL) =L= 180 ; (LHS = 0)
     

---- paperMillCap  =L=  

paperMillCap..  x(PAP) =L= 80 ; (LHS = 0)
     
GAMS 24.7.4  r58773 Released Sep 19, 2016 LEX-LEG x86 64bit/Linux                                                                                                                                                                      01/15/17 14:46:27 Page 5
G e n e r a l   A l g e b r a i c   M o d e l i n g   S y s t e m
Equation Listing    SOLVE aStaticModel Using MIP From line 153


---- surPlus  =E=  

surPlus(MAT)..  - 8*x(MAS) + 10*t(MAT) - s(MAT) =E= 0 ; (LHS = 0)
     
surPlus(KUT)..  - 8*x(KUS) - 11.2*x(KUV) + 10*t(KUT) - s(KUT) =E= 0 ; (LHS = 0)
     
surPlus(KOT)..  - 8*x(KOS) - 11.2*x(KOV) + 10*t(KOT) - s(KOT) =E= 0 ; (LHS = 0)
     
surPlus(MAK)..  3.2*x(MAS) - 19.2*x(HSEL) + 10*t(MAK) - s(MAK) =E= 0 ; (LHS = 0)
     
surPlus(KUK)..  3.2*x(KUS) + 6.4*x(KUV) - 4*x(PAP) + 10*t(KUK) - s(KUK) =E= 0 ; (LHS = 0)
     
surPlus(KOK)..  3.2*x(KOS) + 6.4*x(KOV) - 19.2*x(LSEL) + 10*t(KOK) - s(KOK) =E= 0 ; (LHS = 0)
     

---- SoldLessThanProduced  =E=  

SoldLessThanProduced(MAS)..  - 0.1*x(MAS) + sol(MAS,EU) + sol(MAS,IE) + sol(MAS,PA) + sol(MAS,KI) =E= 0 ; (LHS = 0)
     
SoldLessThanProduced(KUS)..  - 0.1*x(KUS) + sol(KUS,EU) + sol(KUS,IE) + sol(KUS,PA) + sol(KUS,KI) =E= 0 ; (LHS = 0)
     
SoldLessThanProduced(KOS)..  - 0.1*x(KOS) + sol(KOS,EU) + sol(KOS,IE) + sol(KOS,PA) + sol(KOS,KI) =E= 0 ; (LHS = 0)
     
SoldLessThanProduced(KUV)..  - 0.1*x(KUV) + sol(KUV,EU) + sol(KUV,IE) + sol(KUV,PA) + sol(KUV,KI) =E= 0 ; (LHS = 0)
     
SoldLessThanProduced(KOV)..  - 0.1*x(KOV) + sol(KOV,EU) + sol(KOV,IE) + sol(KOV,PA) + sol(KOV,KI) =E= 0 ; (LHS = 0)
     
SoldLessThanProduced(HSEL)..  - 0.1*x(HSEL) + sol(HSEL,EU) + sol(HSEL,IE) + sol(HSEL,PA) + sol(HSEL,KI) =E= 0 ; (LHS = 0)
     
SoldLessThanProduced(LSEL)..  - 0.1*x(LSEL) + sol(LSEL,EU) + sol(LSEL,IE) + sol(LSEL,PA) + sol(LSEL,KI) =E= 0 ; (LHS = 0)
     
SoldLessThanProduced(PAP)..  - 0.1*x(PAP) + sol(PAP,EU) + sol(PAP,IE) + sol(PAP,PA) + sol(PAP,KI) =E= 0 ; (LHS = 0)
     

---- HSELToSell  =E=  

HSELToSell..  - 0.1*x(HSEL) + 0.02*x(PAP) + sol(HSEL,EU) + sol(HSEL,IE) + sol(HSEL,PA) + sol(HSEL,KI) =E= 0 ; (LHS = 0)
     

---- LSELToSell  =E=  

LSELToSell..  - 0.1*x(LSEL) + 0.02*x(PAP) + sol(LSEL,EU) + sol(LSEL,IE) + sol(LSEL,PA) + sol(LSEL,KI) =E= 0 ; (LHS = 0)
     

---- IsThereSurplus  =L=  

IsThereSurplus(MAT)..  s(MAT) - 1000000000000*y(MAT) =L= 0 ; (LHS = 0)
     
IsThereSurplus(KUT)..  s(KUT) - 1000000000000*y(KUT) =L= 0 ; (LHS = 0)
     
GAMS 24.7.4  r58773 Released Sep 19, 2016 LEX-LEG x86 64bit/Linux                                                                                                                                                                      01/15/17 14:46:27 Page 6
G e n e r a l   A l g e b r a i c   M o d e l i n g   S y s t e m
Equation Listing    SOLVE aStaticModel Using MIP From line 153


     IsThereSurplus  =L=  

IsThereSurplus(KOT)..  s(KOT) - 1000000000000*y(KOT) =L= 0 ; (LHS = 0)
     
IsThereSurplus(MAK)..  s(MAK) - 1000000000000*y(MAK) =L= 0 ; (LHS = 0)
     
IsThereSurplus(KUK)..  s(KUK) - 1000000000000*y(KUK) =L= 0 ; (LHS = 0)
     
IsThereSurplus(KOK)..  s(KOK) - 1000000000000*y(KOK) =L= 0 ; (LHS = 0)
     
GAMS 24.7.4  r58773 Released Sep 19, 2016 LEX-LEG x86 64bit/Linux                                                                                                                                                                      01/15/17 14:46:27 Page 7
G e n e r a l   A l g e b r a i c   M o d e l i n g   S y s t e m
Column Listing      SOLVE aStaticModel Using MIP From line 153


---- z  max profit

z
                (.LO, .L, .UP, .M = -INF, 0, +INF, 0)
        1       profit


---- x  Produced of product i in 1000

x(MAS)
                (.LO, .L, .UP, .M = 0, 0, 100, 0)
    -2208       profit
        2       materialReq(MAT)
       -0.8     materialReq(MAK)
        1       sawMillCap
       -8       surPlus(MAT)
        3.2     surPlus(MAK)
       -0.1     SoldLessThanProduced(MAS)

x(KUS)
                (.LO, .L, .UP, .M = 0, 0, 100, 0)
    -2008       profit
        2       materialReq(KUT)
       -0.8     materialReq(KUK)
        1       sawMillCap
       -8       surPlus(KUT)
        3.2     surPlus(KUK)
       -0.1     SoldLessThanProduced(KUS)

x(KOS)
                (.LO, .L, .UP, .M = 0, 0, 100, 0)
    -1808       profit
        2       materialReq(KOT)
       -0.8     materialReq(KOK)
        1       sawMillCap
       -8       surPlus(KOT)
        3.2     surPlus(KOK)
       -0.1     SoldLessThanProduced(KOS)

x(KUV)
                (.LO, .L, .UP, .M = 0, 0, 100, 0)
   -10008       profit
        2.8     materialReq(KUT)
       -1.6     materialReq(KUK)
        1       plywoodMillCap
      -11.2     surPlus(KUT)
        6.4     surPlus(KUK)
       -0.1     SoldLessThanProduced(KUV)

x(KOV)
                (.LO, .L, .UP, .M = 0, 0, 100, 0)
   -10408       profit
        2.8     materialReq(KOT)
GAMS 24.7.4  r58773 Released Sep 19, 2016 LEX-LEG x86 64bit/Linux                                                                                                                                                                      01/15/17 14:46:27 Page 8
G e n e r a l   A l g e b r a i c   M o d e l i n g   S y s t e m
Column Listing      SOLVE aStaticModel Using MIP From line 153


     x  Produced of product i in 1000

       -1.6     materialReq(KOK)
        1       plywoodMillCap
      -11.2     surPlus(KOT)
        6.4     surPlus(KOK)
       -0.1     SoldLessThanProduced(KOV)

x(HSEL)
                (.LO, .L, .UP, .M = 0, 0, 100, 0)
    -3280       profit
        4.8     materialReq(MAK)
        1       line1Cap
      -19.2     surPlus(MAK)
       -0.1     SoldLessThanProduced(HSEL)
       -0.1     HSELToSell

x(LSEL)
                (.LO, .L, .UP, .M = 0, 0, 100, 0)
    -3200       profit
        4.8     materialReq(KOK)
        1       line2Cap
      -19.2     surPlus(KOK)
       -0.1     SoldLessThanProduced(LSEL)
       -0.1     LSELToSell

x(PAP)
                (.LO, .L, .UP, .M = 0, 0, 100, 0)
    -6800       profit
        1       materialReq(KUK)
        1       paperMillCap
       -4       surPlus(KUK)
       -0.1     SoldLessThanProduced(PAP)
        0.02    HSELToSell
        0.02    LSELToSell


---- sol  sold product i in region j in 10000

sol(MAS,EU)
                (.LO, .L, .UP, .M = 0, 0, 100, 0)
      -40       profit
        1       SoldLessThanProduced(MAS)

sol(MAS,IE)
                (.LO, .L, .UP, .M = 0, 0, 100, 0)
     -100       profit
        1       SoldLessThanProduced(MAS)

sol(MAS,PA)
                (.LO, .L, .UP, .M = 0, 0, 100, 0)
     -120       profit
        1       SoldLessThanProduced(MAS)
GAMS 24.7.4  r58773 Released Sep 19, 2016 LEX-LEG x86 64bit/Linux                                                                                                                                                                      01/15/17 14:46:27 Page 9
G e n e r a l   A l g e b r a i c   M o d e l i n g   S y s t e m
Column Listing      SOLVE aStaticModel Using MIP From line 153


     sol  sold product i in region j in 10000


sol(MAS,KI)
                (.LO, .L, .UP, .M = 0, 0, 100, 0)
     -150       profit
        1       SoldLessThanProduced(MAS)

sol(KUS,EU)
                (.LO, .L, .UP, .M = 0, 0, 100, 0)
      -40       profit
        1       SoldLessThanProduced(KUS)

sol(KUS,IE)
                (.LO, .L, .UP, .M = 0, 0, 100, 0)
     -100       profit
        1       SoldLessThanProduced(KUS)

sol(KUS,PA)
                (.LO, .L, .UP, .M = 0, 0, 100, 0)
     -120       profit
        1       SoldLessThanProduced(KUS)

sol(KUS,KI)
                (.LO, .L, .UP, .M = 0, 0, 100, 0)
     -150       profit
        1       SoldLessThanProduced(KUS)

sol(KOS,EU)
                (.LO, .L, .UP, .M = 0, 0, 100, 0)
     -140       profit
        1       SoldLessThanProduced(KOS)

sol(KOS,IE)
                (.LO, .L, .UP, .M = 0, 0, 100, 0)
     -200       profit
        1       SoldLessThanProduced(KOS)

sol(KOS,PA)
                (.LO, .L, .UP, .M = 0, 0, 100, 0)
     -220       profit
        1       SoldLessThanProduced(KOS)

sol(KOS,KI)
                (.LO, .L, .UP, .M = 0, 0, 100, 0)
     -250       profit
        1       SoldLessThanProduced(KOS)

sol(KUV,EU)
                (.LO, .L, .UP, .M = 0, 0, 100, 0)
      -40       profit
        1       SoldLessThanProduced(KUV)

GAMS 24.7.4  r58773 Released Sep 19, 2016 LEX-LEG x86 64bit/Linux                                                                                                                                                                     01/15/17 14:46:27 Page 10
G e n e r a l   A l g e b r a i c   M o d e l i n g   S y s t e m
Column Listing      SOLVE aStaticModel Using MIP From line 153


     sol  sold product i in region j in 10000

sol(KUV,IE)
                (.LO, .L, .UP, .M = 0, 0, 100, 0)
     -100       profit
        1       SoldLessThanProduced(KUV)

sol(KUV,PA)
                (.LO, .L, .UP, .M = 0, 0, 100, 0)
     -120       profit
        1       SoldLessThanProduced(KUV)

sol(KUV,KI)
                (.LO, .L, .UP, .M = 0, 0, 100, 0)
     -150       profit
        1       SoldLessThanProduced(KUV)

sol(KOV,EU)
                (.LO, .L, .UP, .M = 0, 0, 100, 0)
      -40       profit
        1       SoldLessThanProduced(KOV)

sol(KOV,IE)
                (.LO, .L, .UP, .M = 0, 0, 100, 0)
     -100       profit
        1       SoldLessThanProduced(KOV)

sol(KOV,PA)
                (.LO, .L, .UP, .M = 0, 0, 100, 0)
     -120       profit
        1       SoldLessThanProduced(KOV)

sol(KOV,KI)
                (.LO, .L, .UP, .M = 0, 0, 100, 0)
     -150       profit
        1       SoldLessThanProduced(KOV)

sol(HSEL,EU)
                (.LO, .L, .UP, .M = 0, 0, 100, 0)
      -20       profit
        1       SoldLessThanProduced(HSEL)
        1       HSELToSell

sol(HSEL,IE)
                (.LO, .L, .UP, .M = 0, 0, 100, 0)
      -40       profit
        1       SoldLessThanProduced(HSEL)
        1       HSELToSell

sol(HSEL,PA)
                (.LO, .L, .UP, .M = 0, 0, 100, 0)
      -50       profit
        1       SoldLessThanProduced(HSEL)
GAMS 24.7.4  r58773 Released Sep 19, 2016 LEX-LEG x86 64bit/Linux                                                                                                                                                                     01/15/17 14:46:27 Page 11
G e n e r a l   A l g e b r a i c   M o d e l i n g   S y s t e m
Column Listing      SOLVE aStaticModel Using MIP From line 153


     sol  sold product i in region j in 10000

        1       HSELToSell

sol(HSEL,KI)
                (.LO, .L, .UP, .M = 0, 0, 100, 0)
      -60       profit
        1       SoldLessThanProduced(HSEL)
        1       HSELToSell

sol(LSEL,EU)
                (.LO, .L, .UP, .M = 0, 0, 100, 0)
      -30       profit
        1       SoldLessThanProduced(LSEL)
        1       LSELToSell

sol(LSEL,IE)
                (.LO, .L, .UP, .M = 0, 0, 100, 0)
      -20       profit
        1       SoldLessThanProduced(LSEL)
        1       LSELToSell

sol(LSEL,PA)
                (.LO, .L, .UP, .M = 0, 0, 100, 0)
      -50       profit
        1       SoldLessThanProduced(LSEL)
        1       LSELToSell

sol(LSEL,KI)
                (.LO, .L, .UP, .M = 0, 0, 100, 0)
      -70       profit
        1       SoldLessThanProduced(LSEL)
        1       LSELToSell

sol(PAP,EU)
                (.LO, .L, .UP, .M = 0, 0, 100, 0)
      -40       profit
        1       SoldLessThanProduced(PAP)

sol(PAP,IE)
                (.LO, .L, .UP, .M = 0, 0, 100, 0)
     -100       profit
        1       SoldLessThanProduced(PAP)

sol(PAP,PA)
                (.LO, .L, .UP, .M = 0, 0, 100, 0)
     -120       profit
        1       SoldLessThanProduced(PAP)

sol(PAP,KI)
                (.LO, .L, .UP, .M = 0, 0, 100, 0)
     -150       profit
        1       SoldLessThanProduced(PAP)
GAMS 24.7.4  r58773 Released Sep 19, 2016 LEX-LEG x86 64bit/Linux                                                                                                                                                                     01/15/17 14:46:27 Page 12
G e n e r a l   A l g e b r a i c   M o d e l i n g   S y s t e m
Column Listing      SOLVE aStaticModel Using MIP From line 153


     sol  sold product i in region j in 10000



---- t  Timber assortment for timber k in 10000

t(MAT)
                (.LO, .L, .UP, .M = 0, 0, 100, 0)
      -10       profit
      -10       materialReq(MAT)
       10       surPlus(MAT)

t(KUT)
                (.LO, .L, .UP, .M = 0, 0, 100, 0)
       -5       profit
      -10       materialReq(KUT)
       10       surPlus(KUT)

t(KOT)
                (.LO, .L, .UP, .M = 0, 0, 100, 0)
      -30       profit
      -10       materialReq(KOT)
       10       surPlus(KOT)

t(MAK)
                (.LO, .L, .UP, .M = 0, 0, 100, 0)
       -2       profit
      -10       materialReq(MAK)
       10       surPlus(MAK)

t(KUK)
                (.LO, .L, .UP, .M = 0, 0, 100, 0)
       -3       profit
      -10       materialReq(KUK)
       10       surPlus(KUK)

t(KOK)
                (.LO, .L, .UP, .M = 0, 0, 100, 0)
       -2       profit
      -10       materialReq(KOK)
       10       surPlus(KOK)


---- s  Material surplus timber k in 1000

s(MAT)
                (.LO, .L, .UP, .M = 0, 0, 100, 0)
       -1       surPlus(MAT)
        1       IsThereSurplus(MAT)

s(KUT)
                (.LO, .L, .UP, .M = 0, 0, 100, 0)
       -1       surPlus(KUT)
GAMS 24.7.4  r58773 Released Sep 19, 2016 LEX-LEG x86 64bit/Linux                                                                                                                                                                     01/15/17 14:46:27 Page 13
G e n e r a l   A l g e b r a i c   M o d e l i n g   S y s t e m
Column Listing      SOLVE aStaticModel Using MIP From line 153


     s  Material surplus timber k in 1000

        1       IsThereSurplus(KUT)

s(KOT)
                (.LO, .L, .UP, .M = 0, 0, 100, 0)
       -1       surPlus(KOT)
        1       IsThereSurplus(KOT)

s(MAK)
                (.LO, .L, .UP, .M = 0, 0, 100, 0)
       -1       surPlus(MAK)
        1       IsThereSurplus(MAK)

s(KUK)
                (.LO, .L, .UP, .M = 0, 0, 100, 0)
       -1       surPlus(KUK)
        1       IsThereSurplus(KUK)

s(KOK)
                (.LO, .L, .UP, .M = 0, 0, 100, 0)
       -1       surPlus(KOK)
        1       IsThereSurplus(KOK)


---- y  if there is a surplus of material k

y(MAT)
                (.LO, .L, .UP, .M = 0, 0, 1, 0)
     -190       profit
  -1.00000E+12  IsThereSurplus(MAT)

y(KUT)
                (.LO, .L, .UP, .M = 0, 0, 1, 0)
     -150       profit
  -1.00000E+12  IsThereSurplus(KUT)

y(KOT)
                (.LO, .L, .UP, .M = 0, 0, 1, 0)
     -120       profit
  -1.00000E+12  IsThereSurplus(KOT)

y(MAK)
                (.LO, .L, .UP, .M = 0, 0, 1, 0)
     -180       profit
  -1.00000E+12  IsThereSurplus(MAK)

y(KUK)
                (.LO, .L, .UP, .M = 0, 0, 1, 0)
     -150       profit
  -1.00000E+12  IsThereSurplus(KUK)

y(KOK)
GAMS 24.7.4  r58773 Released Sep 19, 2016 LEX-LEG x86 64bit/Linux                                                                                                                                                                     01/15/17 14:46:27 Page 14
G e n e r a l   A l g e b r a i c   M o d e l i n g   S y s t e m
Column Listing      SOLVE aStaticModel Using MIP From line 153


     y  if there is a surplus of material k

                (.LO, .L, .UP, .M = 0, 0, 1, 0)
     -150       profit
  -1.00000E+12  IsThereSurplus(KOK)


****
****  52 Integer +INF Bounds have been reset to 100 (see Option IntVarUp)
****
GAMS 24.7.4  r58773 Released Sep 19, 2016 LEX-LEG x86 64bit/Linux                                                                                                                                                                     01/15/17 14:46:27 Page 15
G e n e r a l   A l g e b r a i c   M o d e l i n g   S y s t e m
Model Statistics    SOLVE aStaticModel Using MIP From line 153


MODEL STATISTICS

BLOCKS OF EQUATIONS          12     SINGLE EQUATIONS           34
BLOCKS OF VARIABLES           6     SINGLE VARIABLES           59
NON ZERO ELEMENTS           169     DISCRETE VARIABLES         58


GENERATION TIME      =        0.006 SECONDS      4 MB  24.7.4 r58773 LEX-LEG


EXECUTION TIME       =        0.007 SECONDS      4 MB  24.7.4 r58773 LEX-LEG
GAMS 24.7.4  r58773 Released Sep 19, 2016 LEX-LEG x86 64bit/Linux                                                                                                                                                                     01/15/17 14:46:27 Page 16
G e n e r a l   A l g e b r a i c   M o d e l i n g   S y s t e m
Solution Report     SOLVE aStaticModel Using MIP From line 153


               S O L V E      S U M M A R Y

     MODEL   aStaticModel        OBJECTIVE  z
     TYPE    MIP                 DIRECTION  MAXIMIZE
     SOLVER  CPLEX               FROM LINE  153

**** SOLVER STATUS     1 Normal Completion         
**** MODEL STATUS      1 Optimal                   
**** OBJECTIVE VALUE          1568561.0000

 RESOURCE USAGE, LIMIT          0.008       300.000
 ITERATION COUNT, LIMIT        11     999999999

IBM ILOG CPLEX   24.7.4 r58773 Released Sep 19, 2016 LEG x86 64bit/Linux      
--- GAMS/Cplex licensed for continuous and discrete problems.
Cplex 12.6.3.0

Space for names approximately 0.00 Mb
Use option 'names no' to turn use of names off
MIP status(101): integer optimal solution
Cplex Time: 0.00sec (det. 0.24 ticks)
Fixing integer variables, and solving final LP...
Fixed MIP status(1): optimal
Cplex Time: 0.00sec (det. 0.03 ticks)
Proven optimal solution.

MIP Solution:      1568561.000000    (11 iterations, 0 nodes)
Final Solve:       1568561.000000    (0 iterations)

Best possible:     1568561.000000
Absolute gap:            0.000000
Relative gap:            0.000000


                           LOWER          LEVEL          UPPER         MARGINAL

---- EQU profit        -85460.0000    -85460.0000    -85460.0000         1.0000      

  profit  objective function

---- EQU materialReq  

           LOWER          LEVEL          UPPER         MARGINAL

MAT        -INF         -700.0000          .              .          
KUT        -INF         -242.0000          .              .          
KOT        -INF         -756.0000          .              .          
MAK        -INF         -722.0000          .              .          
KUK        -INF          -24.0000          .              .          
KOK        -INF         -752.0000          .              .          
GAMS 24.7.4  r58773 Released Sep 19, 2016 LEX-LEG x86 64bit/Linux                                                                                                                                                                     01/15/17 14:46:27 Page 17
G e n e r a l   A l g e b r a i c   M o d e l i n g   S y s t e m
Solution Report     SOLVE aStaticModel Using MIP From line 153


                           LOWER          LEVEL          UPPER         MARGINAL

---- EQU sawMillCap        -INF          120.0000       200.0000          .          
---- EQU plywoodMi~        -INF           90.0000        90.0000          .          
---- EQU line1Cap          -INF           60.0000       220.0000          .          
---- EQU line2Cap          -INF           80.0000       180.0000          .          
---- EQU paperMill~        -INF             .            80.0000          .          

  sawMillCap  
  plywoodMillCap  
  line1Cap  
  line2Cap  
  paperMillCap  

---- EQU surPlus  

           LOWER          LEVEL          UPPER         MARGINAL

MAT          .              .              .              .          
KUT          .              .              .              .          
KOT          .              .              .              .          
MAK          .              .              .              .          
KUK          .              .              .              .          
KOK          .              .              .              .          

---- EQU SoldLessThanProduced  

            LOWER          LEVEL          UPPER         MARGINAL

MAS           .              .              .              .          
KUS           .              .              .              .          
KOS           .              .              .              .          
KUV           .              .              .              .          
KOV           .              .              .              .          
HSEL          .              .              .              .          
LSEL          .              .              .              .          
PAP           .              .              .              .          

                           LOWER          LEVEL          UPPER         MARGINAL

---- EQU HSELToSell          .              .              .              .          
---- EQU LSELToSell          .              .              .              .          

  HSELToSell  
  LSELToSell  

---- EQU IsThereSurplus  

           LOWER          LEVEL          UPPER         MARGINAL

MAT        -INF      -1.00000E+12          .              .          
KUT        -INF      -1.00000E+12          .              .          
KOT        -INF      -1.00000E+12          .              .          
GAMS 24.7.4  r58773 Released Sep 19, 2016 LEX-LEG x86 64bit/Linux                                                                                                                                                                     01/15/17 14:46:27 Page 18
G e n e r a l   A l g e b r a i c   M o d e l i n g   S y s t e m
Solution Report     SOLVE aStaticModel Using MIP From line 153


     EQU IsThereSurplus  

           LOWER          LEVEL          UPPER         MARGINAL

MAK        -INF      -1.00000E+12          .              .          
KUK        -INF      -1.00000E+12          .              .          
KOK        -INF      -1.00000E+12          .              .          

                           LOWER          LEVEL          UPPER         MARGINAL

---- VAR z                 -INF      1568561.0000        +INF             .          

  z  max profit

---- VAR x  Produced of product i in 1000

            LOWER          LEVEL          UPPER         MARGINAL

MAS           .           100.0000       100.0000      2208.0000      
KUS           .            10.0000       100.0000      2008.0000      
KOS           .            10.0000       100.0000      1808.0000      
KUV           .            10.0000       100.0000     10008.0000      
KOV           .            80.0000       100.0000     10408.0000      
HSEL          .            60.0000       100.0000      3280.0000      
LSEL          .            80.0000       100.0000      3200.0000      
PAP           .              .           100.0000      6800.0000      

---- VAR sol  sold product i in region j in 10000

               LOWER          LEVEL          UPPER         MARGINAL

MAS .EU          .              .           100.0000        40.0000      
MAS .IE          .              .           100.0000       100.0000      
MAS .PA          .              .           100.0000       120.0000      
MAS .KI          .            10.0000       100.0000       150.0000      
KUS .EU          .              .           100.0000        40.0000      
KUS .IE          .              .           100.0000       100.0000      
KUS .PA          .              .           100.0000       120.0000      
KUS .KI          .             1.0000       100.0000       150.0000      
KOS .EU          .              .           100.0000       140.0000      
KOS .IE          .              .           100.0000       200.0000      
KOS .PA          .              .           100.0000       220.0000      
KOS .KI          .             1.0000       100.0000       250.0000      
KUV .EU          .              .           100.0000        40.0000      
KUV .IE          .              .           100.0000       100.0000      
KUV .PA          .              .           100.0000       120.0000      
KUV .KI          .             1.0000       100.0000       150.0000      
KOV .EU          .              .           100.0000        40.0000      
KOV .IE          .              .           100.0000       100.0000      
KOV .PA          .              .           100.0000       120.0000      
KOV .KI          .             8.0000       100.0000       150.0000      
HSEL.EU          .              .           100.0000        20.0000      
HSEL.IE          .              .           100.0000        40.0000      
GAMS 24.7.4  r58773 Released Sep 19, 2016 LEX-LEG x86 64bit/Linux                                                                                                                                                                     01/15/17 14:46:27 Page 19
G e n e r a l   A l g e b r a i c   M o d e l i n g   S y s t e m
Solution Report     SOLVE aStaticModel Using MIP From line 153


     VAR sol  sold product i in region j in 10000

               LOWER          LEVEL          UPPER         MARGINAL

HSEL.PA          .              .           100.0000        50.0000      
HSEL.KI          .             6.0000       100.0000        60.0000      
LSEL.EU          .              .           100.0000        30.0000      
LSEL.IE          .              .           100.0000        20.0000      
LSEL.PA          .              .           100.0000        50.0000      
LSEL.KI          .             8.0000       100.0000        70.0000      
PAP .EU          .              .           100.0000        40.0000      
PAP .IE          .              .           100.0000       100.0000      
PAP .PA          .              .           100.0000       120.0000      
PAP .KI          .              .           100.0000       150.0000      

---- VAR t  Timber assortment for timber k in 10000

           LOWER          LEVEL          UPPER         MARGINAL

MAT          .            90.0000       100.0000        10.0000      
KUT          .            29.0000       100.0000         5.0000      
KOT          .           100.0000       100.0000        30.0000      
MAK          .            93.0000       100.0000         2.0000      
KUK          .              .           100.0000         3.0000      
KOK          .           100.0000       100.0000         2.0000      

---- VAR s  Material surplus timber k in 1000

           LOWER          LEVEL          UPPER         MARGINAL

MAT          .           100.0000       100.0000         EPS         
KUT          .            98.0000       100.0000         EPS         
KOT          .            24.0000       100.0000         EPS         
MAK          .            98.0000       100.0000         EPS         
KUK          .            96.0000       100.0000         EPS         
KOK          .             8.0000       100.0000         EPS         

---- VAR y  if there is a surplus of material k

           LOWER          LEVEL          UPPER         MARGINAL

MAT          .             1.0000         1.0000       190.0000      
KUT          .             1.0000         1.0000       150.0000      
KOT          .             1.0000         1.0000       120.0000      
MAK          .             1.0000         1.0000       180.0000      
KUK          .             1.0000         1.0000       150.0000      
KOK          .             1.0000         1.0000       150.0000      


**** REPORT SUMMARY :        0     NONOPT
                             0 INFEASIBLE
                             0  UNBOUNDED
GAMS 24.7.4  r58773 Released Sep 19, 2016 LEX-LEG x86 64bit/Linux                                                                                                                                                                     01/15/17 14:46:27 Page 20
G e n e r a l   A l g e b r a i c   M o d e l i n g   S y s t e m
E x e c u t i o n


----    155 VARIABLE x.L  Produced of product i in 1000

MAS  100.000,    KUS   10.000,    KOS   10.000,    KUV   10.000,    KOV   80.000,    HSEL  60.000,    LSEL  80.000


----    155 VARIABLE t.L  Timber assortment for timber k in 10000

MAT  90.000,    KUT  29.000,    KOT 100.000,    MAK  93.000,    KOK 100.000


----    155 VARIABLE sol.L  sold product i in region j in 10000

              KI

MAS       10.000
KUS        1.000
KOS        1.000
KUV        1.000
KOV        8.000
HSEL       6.000
LSEL       8.000


----    155 VARIABLE x.M  Produced of product i in 1000

MAS   2208.000,    KUS   2008.000,    KOS   1808.000,    KUV  10008.000,    KOV  10408.000,    HSEL  3280.000,    LSEL  3200.000,    PAP   6800.000


----    155 VARIABLE s.L  Material surplus timber k in 1000

MAT 100.000,    KUT  98.000,    KOT  24.000,    MAK  98.000,    KUK  96.000,    KOK   8.000



EXECUTION TIME       =        0.002 SECONDS      3 MB  24.7.4 r58773 LEX-LEG


USER: Course License Fall 2016                       A160811:0602AO-GEN
      Management Engineering, Technical University of Denmark    DC8756
      License for teaching and research at degree granting institutions


**** FILE SUMMARY

Input      /home/mads/Dropbox/DTU/MathProg/MathProg/ExcerciseA.gms
Output     /home/mads/Dropbox/DTU/MathProg/MathProg/ExcerciseA.lst
